#
# There is insufficient memory for the Java Runtime Environment to continue.
# Native memory allocation (malloc) failed to allocate 818896 bytes. Error detail: Chunk::new
# Possible reasons:
#   The system is out of physical RAM or swap space
#   This process is running with CompressedOops enabled, and the Java Heap may be blocking the growth of the native heap
# Possible solutions:
#   Reduce memory load on the system
#   Increase physical memory or swap space
#   Check if swap backing store is full
#   Decrease Java heap size (-Xmx/-Xms)
#   Decrease number of Java threads
#   Decrease Java thread stack sizes (-Xss)
#   Set larger code cache with -XX:ReservedCodeCacheSize=
#   JVM is running with Zero Based Compressed Oops mode in which the Java heap is
#     placed in the first 32GB address space. The Java Heap base address is the
#     maximum limit for the native heap growth. Please use -XX:HeapBaseMinAddress
#     to set the Java Heap base and to place the Java Heap above 32GB virtual address.
# This output file may be truncated or incomplete.
#
#  Out of Memory Error (arena.cpp:168), pid=22072, tid=31104
#
# JRE version: OpenJDK Runtime Environment Microsoft-14941484 (21.0.12.1+1) (build 21.0.12.1+1-LTS)
# Java VM: OpenJDK 64-Bit Server VM Microsoft-14941484 (21.0.12.1+1-LTS, mixed mode, sharing, tiered, compressed oops, compressed class ptrs, g1 gc, windows-amd64)
# No core dump will be written. Minidumps are not enabled by default on client versions of Windows
#

---------------  S U M M A R Y ------------

Command Line: --add-opens=java.base/java.lang=ALL-UNNAMED --add-opens=java.base/java.lang.invoke=ALL-UNNAMED --add-opens=java.base/java.util=ALL-UNNAMED --add-opens=java.prefs/java.util.prefs=ALL-UNNAMED --add-exports=jdk.compiler/com.sun.tools.javac.api=ALL-UNNAMED --add-exports=jdk.compiler/com.sun.tools.javac.util=ALL-UNNAMED --add-opens=java.base/java.util=ALL-UNNAMED --add-opens=java.prefs/java.util.prefs=ALL-UNNAMED --add-opens=java.base/java.nio.charset=ALL-UNNAMED --add-opens=java.base/java.net=ALL-UNNAMED --add-opens=java.base/java.util.concurrent.atomic=ALL-UNNAMED --add-opens=java.xml/javax.xml.namespace=ALL-UNNAMED -XX:MaxMetaspaceSize=2G -XX:+HeapDumpOnOutOfMemoryError -Xmx4G -Dfile.encoding=UTF-8 -Duser.country=US -Duser.language=en -Duser.variant -javaagent:C:\Users\HP\.gradle\wrapper\dists\gradle-8.14-all\c2qonpi39x1mddn7hk5gh9iqj\gradle-8.14\lib\agents\gradle-instrumentation-agent-8.14.jar org.gradle.launcher.daemon.bootstrap.GradleDaemon 8.14

Host: Intel(R) Core(TM) 5 120U, 12 cores, 7G,  Windows 11 , 64 bit Build 26100 (10.0.26100.9444)
Time: Mon Sep 28 10:35:06 2026 Sri Lanka Standard Time elapsed time: 12.414631 seconds (0d 0h 0m 12s)

---------------  T H R E A D  ---------------

Current thread (0x00000213c23cc030):  JavaThread "C2 CompilerThread1" daemon [_thread_in_native, id=31104, stack(0x000000a7a8100000,0x000000a7a8200000) (1024K)]


Current CompileTask:
C2:12414 5286   !   4       java.lang.reflect.Executable::declaredAnnotations (85 bytes)

Stack: [0x000000a7a8100000,0x000000a7a8200000]
Native frames: (J=compiled Java code, j=interpreted, Vv=VM code, C=native code)
V  [jvm.dll+0x6e0c09]  (no source info available)
V  [jvm.dll+0x8c0e1b]  (no source info available)
V  [jvm.dll+0x8c33ad]  (no source info available)
V  [jvm.dll+0x8c3a83]  (no source info available)
V  [jvm.dll+0x28ac66]  (no source info available)
V  [jvm.dll+0xc91cd]  (no source info available)
V  [jvm.dll+0xc971c]  (no source info available)
V  [jvm.dll+0x301d9e]  (no source info available)
V  [jvm.dll+0x609de7]  (no source info available)
V  [jvm.dll+0x25bc27]  (no source info available)
V  [jvm.dll+0x25bffd]  (no source info available)
V  [jvm.dll+0x254849]  (no source info available)
V  [jvm.dll+0x251d57]  (no source info available)
V  [jvm.dll+0x1d1c5f]  (no source info available)
V  [jvm.dll+0x261bda]  (no source info available)
V  [jvm.dll+0x25ff45]  (no source info available)
V  [jvm.dll+0x402695]  (no source info available)
V  [jvm.dll+0x86ba8d]  (no source info available)
V  [jvm.dll+0x6e21bd]  (no source info available)
C  [ucrtbase.dll+0x2cd30]  (no source info available)
C  [KERNEL32.DLL+0x2cd87]  (no source info available)
C  [ntdll.dll+0xacaec]  (no source info available)


---------------  P R O C E S S  ---------------

Threads class SMR info:
_java_thread_list=0x00000213c561a5a0, length=35, elements={
0x00000213d8e7de90, 0x00000213fa819c60, 0x00000213fa81edf0, 0x00000213fa8231a0,
0x00000213fa824090, 0x00000213fa824af0, 0x00000213fa825550, 0x00000213fa826a80,
0x00000213fa82be10, 0x00000213faa02a10, 0x00000213faa9dc30, 0x00000213c1f5dee0,
0x00000213c201dcb0, 0x00000213c206f400, 0x00000213c1bd25c0, 0x00000213c1bdb630,
0x00000213c1c0d330, 0x00000213c20b9010, 0x00000213c20bb0e0, 0x00000213c20b82f0,
0x00000213c20b7c60, 0x00000213c20b96a0, 0x00000213c20b9d30, 0x00000213c20ba3c0,
0x00000213c20b8980, 0x00000213c25f8850, 0x00000213c25f7b30, 0x00000213c25f6e10,
0x00000213c25f81c0, 0x00000213c25f8ee0, 0x00000213c25f60f0, 0x00000213c25f74a0,
0x00000213c23cc030, 0x00000213c25f6780, 0x00000213c25fb640
}

Java Threads: ( => current thread )
  0x00000213d8e7de90 JavaThread "main"                              [_thread_blocked, id=388, stack(0x000000a7a4f00000,0x000000a7a5000000) (1024K)]
  0x00000213fa819c60 JavaThread "Reference Handler"          daemon [_thread_blocked, id=6556, stack(0x000000a7a5700000,0x000000a7a5800000) (1024K)]
  0x00000213fa81edf0 JavaThread "Finalizer"                  daemon [_thread_blocked, id=28712, stack(0x000000a7a5800000,0x000000a7a5900000) (1024K)]
  0x00000213fa8231a0 JavaThread "Signal Dispatcher"          daemon [_thread_blocked, id=29164, stack(0x000000a7a5900000,0x000000a7a5a00000) (1024K)]
  0x00000213fa824090 JavaThread "Attach Listener"            daemon [_thread_blocked, id=20680, stack(0x000000a7a5a00000,0x000000a7a5b00000) (1024K)]
  0x00000213fa824af0 JavaThread "Service Thread"             daemon [_thread_blocked, id=8336, stack(0x000000a7a5b00000,0x000000a7a5c00000) (1024K)]
  0x00000213fa825550 JavaThread "Monitor Deflation Thread"   daemon [_thread_blocked, id=8012, stack(0x000000a7a5c00000,0x000000a7a5d00000) (1024K)]
  0x00000213fa826a80 JavaThread "C2 CompilerThread0"         daemon [_thread_blocked, id=29124, stack(0x000000a7a5d00000,0x000000a7a5e00000) (1024K)]
  0x00000213fa82be10 JavaThread "C1 CompilerThread0"         daemon [_thread_blocked, id=32924, stack(0x000000a7a5e00000,0x000000a7a5f00000) (1024K)]
  0x00000213faa02a10 JavaThread "Common-Cleaner"             daemon [_thread_blocked, id=4728, stack(0x000000a7a5f00000,0x000000a7a6000000) (1024K)]
  0x00000213faa9dc30 JavaThread "Notification Thread"        daemon [_thread_blocked, id=26228, stack(0x000000a7a6000000,0x000000a7a6100000) (1024K)]
  0x00000213c1f5dee0 JavaThread "Daemon health stats"               [_thread_blocked, id=4760, stack(0x000000a7a6500000,0x000000a7a6600000) (1024K)]
Total: 35

Other Threads:
  0x00000213fa7fde80 VMThread "VM Thread"                           [id=24880, stack(0x000000a7a5600000,0x000000a7a5700000) (1024K)]
  0x00000213fa7eb3e0 WatcherThread "VM Periodic Task Thread"        [id=32852, stack(0x000000a7a5500000,0x000000a7a5600000) (1024K)]
  0x00000213d8ee6b90 WorkerThread "GC Thread#0"                     [id=12036, stack(0x000000a7a5000000,0x000000a7a5100000) (1024K)]
  0x00000213fab54c60 WorkerThread "GC Thread#1"                     [id=15636, stack(0x000000a7a6100000,0x000000a7a6200000) (1024K)]
  0x00000213fac11260 WorkerThread "GC Thread#2"                     [id=23372, stack(0x000000a7a6200000,0x000000a7a6300000) (1024K)]
  0x00000213c1208040 WorkerThread "GC Thread#3"                     [id=29432, stack(0x000000a7a6300000,0x000000a7a6400000) (1024K)]
  0x00000213c12bcff0 WorkerThread "GC Thread#4"                     [id=32684, stack(0x000000a7a6400000,0x000000a7a6500000) (1024K)]
  0x00000213c1fe45e0 WorkerThread "GC Thread#5"                     [id=24488, stack(0x000000a7a6600000,0x000000a7a6700000) (1024K)]
  0x00000213c1fe4990 WorkerThread "GC Thread#6"                     [id=11292, stack(0x000000a7a6700000,0x000000a7a6800000) (1024K)]
  0x00000213c1fe4d40 WorkerThread "GC Thread#7"                     [id=24468, stack(0x000000a7a6800000,0x000000a7a6900000) (1024K)]
  0x00000213c1ff5510 WorkerThread "GC Thread#8"                     [id=26700, stack(0x000000a7a6900000,0x000000a7a6a00000) (1024K)]
  0x00000213c1ff5910 WorkerThread "GC Thread#9"                     [id=20132, stack(0x000000a7a6a00000,0x000000a7a6b00000) (1024K)]
  0x00000213d8ef8910 ConcurrentGCThread "G1 Main Marker"            [id=26656, stack(0x000000a7a5100000,0x000000a7a5200000) (1024K)]
  0x00000213d8ef9ad0 WorkerThread "G1 Conc#0"                       [id=5984, stack(0x000000a7a5200000,0x000000a7a5300000) (1024K)]
  0x00000213c2220ab0 WorkerThread "G1 Conc#1"                       [id=28788, stack(0x000000a7a7900000,0x000000a7a7a00000) (1024K)]
  0x00000213c221fbf0 WorkerThread "G1 Conc#2"                       [id=16692, stack(0x000000a7a7a00000,0x000000a7a7b00000) (1024K)]
  0x00000213d8f3e9b0 ConcurrentGCThread "G1 Refine#0"               [id=33328, stack(0x000000a7a5300000,0x000000a7a5400000) (1024K)]
  0x00000213fa6ad430 ConcurrentGCThread "G1 Service"                [id=12408, stack(0x000000a7a5400000,0x000000a7a5500000) (1024K)]

=>0x00000213c23cc030 (exited) JavaThread "C2 CompilerThread1" daemon [_thread_in_native, id=31104, stack(0x000000a7a8100000,0x000000a7a8200000) (1024K)]
Total: 19

Threads with active compile tasks:
C2 CompilerThread1  12454 5286   !   4       java.lang.reflect.Executable::declaredAnnotations (85 bytes)
Total: 1

VM state: not at safepoint (normal execution)

VM Mutex/Monitor currently owned by a thread: None

Heap address: 0x0000000700000000, size: 4096 MB, Compressed Oops mode: Zero based, Oop shift amount: 3

CDS archive(s) mapped at: [0x0000021380000000-0x0000021380c80000-0x0000021380c80000), size 13107200, SharedBaseAddress: 0x0000021380000000, ArchiveRelocationMode: 1.
Compressed class space mapped at: 0x0000021381000000-0x00000213c1000000, reserved size: 1073741824
Narrow klass base: 0x0000021380000000, Narrow klass shift: 0, Narrow klass range: 0x100000000

GC Precious Log:
 CardTable entry size: 512
 Card Set container configuration: InlinePtr #cards 4 size 8 Array Of Cards #cards 16 size 48 Howl #buckets 8 coarsen threshold 3686 Howl Bitmap #cards 512 size 80 coarsen threshold 460 Card regions per heap region 1 cards per card region 4096
 CPUs: 12 total, 12 available
 Memory: 7832M
 Large Page Support: Disabled
 NUMA Support: Disabled
 Compressed Oops: Enabled (Zero based)
 Heap Region Size: 2M
 Heap Min Capacity: 8M
 Heap Initial Capacity: 124M
 Heap Max Capacity: 4G
 Pre-touch: Disabled
 Parallel Workers: 10
 Concurrent Workers: 3
 Concurrent Refinement Workers: 10
 Periodic GC: Disabled

Heap:
 garbage-first heap   total 102400K, used 80767K [0x0000000700000000, 0x0000000800000000)
  region size 2048K, 27 young (55296K), 3 survivors (6144K)
 Metaspace       used 43218K, committed 44352K, reserved 1114112K
  class space    used 6108K, committed 6656K, reserved 1048576K

Heap Regions: E=young(eden), S=young(survivor), O=old, HS=humongous(starts), HC=humongous(continues), CS=collection set, F=free, TAMS=top-at-mark-start, PB=parsable bottom
|   0|0x0000000700000000, 0x0000000700200000, 0x0000000700200000|100%|HS|  |TAMS 0x0000000700000000| PB 0x0000000700000000| Complete 
|   1|0x0000000700200000, 0x0000000700400000, 0x0000000700400000|100%|HC|  |TAMS 0x0000000700200000| PB 0x0000000700200000| Complete 
|   2|0x0000000700400000, 0x0000000700600000, 0x0000000700600000|100%| O|  |TAMS 0x0000000700400000| PB 0x0000000700400000| Untracked 
|   3|0x0000000700600000, 0x0000000700800000, 0x0000000700800000|100%| O|  |TAMS 0x0000000700600000| PB 0x0000000700600000| Untracked 
|   4|0x0000000700800000, 0x0000000700a00000, 0x0000000700a00000|100%| O|  |TAMS 0x0000000700800000| PB 0x0000000700800000| Untracked 
|   5|0x0000000700a00000, 0x0000000700c00000, 0x0000000700c00000|100%| O|  |TAMS 0x0000000700a00000| PB 0x0000000700a00000| Untracked 
|   6|0x0000000700c00000, 0x0000000700e00000, 0x0000000700e00000|100%| O|  |TAMS 0x0000000700c00000| PB 0x0000000700c00000| Untracked 
|   7|0x0000000700e00000, 0x0000000701000000, 0x0000000701000000|100%| O|Cm|TAMS 0x0000000700e00000| PB 0x0000000700e00000| Complete 
|   8|0x0000000701000000, 0x0000000701200000, 0x0000000701200000|100%| O|  |TAMS 0x0000000701000000| PB 0x0000000701000000| Untracked 
|   9|0x0000000701200000, 0x0000000701200000, 0x0000000701400000|  0%| F|  |TAMS 0x0000000701200000| PB 0x0000000701200000| Untracked 
|  10|0x0000000701400000, 0x0000000701600000, 0x0000000701600000|100%| O|  |TAMS 0x0000000701400000| PB 0x0000000701400000| Untracked 
|  11|0x0000000701600000, 0x0000000701800000, 0x0000000701800000|100%| O|  |TAMS 0x0000000701600000| PB 0x0000000701600000| Untracked 
|  12|0x0000000701800000, 0x0000000701880098, 0x0000000701a00000| 25%| O|  |TAMS 0x0000000701800000| PB 0x0000000701800000| Untracked 
|  13|0x0000000701a00000, 0x0000000701a00000, 0x0000000701c00000|  0%| F|  |TAMS 0x0000000701a00000| PB 0x0000000701a00000| Untracked 
|  14|0x0000000701c00000, 0x0000000701c00000, 0x0000000701e00000|  0%| F|  |TAMS 0x0000000701c00000| PB 0x0000000701c00000| Untracked 
|  15|0x0000000701e00000, 0x0000000701e00000, 0x0000000702000000|  0%| F|  |TAMS 0x0000000701e00000| PB 0x0000000701e00000| Untracked 
|  16|0x0000000702000000, 0x0000000702000000, 0x0000000702200000|  0%| F|  |TAMS 0x0000000702000000| PB 0x0000000702000000| Untracked 
|  17|0x0000000702200000, 0x0000000702200000, 0x0000000702400000|  0%| F|  |TAMS 0x0000000702200000| PB 0x0000000702200000| Untracked 
|  18|0x0000000702400000, 0x0000000702400000, 0x0000000702600000|  0%| F|  |TAMS 0x0000000702400000| PB 0x0000000702400000| Untracked 
|  19|0x0000000702600000, 0x0000000702600000, 0x0000000702800000|  0%| F|  |TAMS 0x0000000702600000| PB 0x0000000702600000| Untracked 
|  20|0x0000000702800000, 0x00000007029bde60, 0x0000000702a00000| 87%| E|  |TAMS 0x0000000702800000| PB 0x0000000702800000| Complete 
|  21|0x0000000702a00000, 0x0000000702c00000, 0x0000000702c00000|100%| E|CS|TAMS 0x0000000702a00000| PB 0x0000000702a00000| Complete 
|  22|0x0000000702c00000, 0x0000000702e00000, 0x0000000702e00000|100%| E|CS|TAMS 0x0000000702c00000| PB 0x0000000702c00000| Complete 
|  23|0x0000000702e00000, 0x0000000703000000, 0x0000000703000000|100%| E|CS|TAMS 0x0000000702e00000| PB 0x0000000702e00000| Complete 
|  24|0x0000000703000000, 0x0000000703200000, 0x0000000703200000|100%| E|CS|TAMS 0x0000000703000000| PB 0x0000000703000000| Complete 
|  25|0x0000000703200000, 0x0000000703400000, 0x0000000703400000|100%| E|CS|TAMS 0x0000000703200000| PB 0x0000000703200000| Complete 
|  26|0x0000000703400000, 0x0000000703600000, 0x0000000703600000|100%| E|CS|TAMS 0x0000000703400000| PB 0x0000000703400000| Complete 
|  27|0x0000000703600000, 0x0000000703800000, 0x0000000703800000|100%| E|CS|TAMS 0x0000000703600000| PB 0x0000000703600000| Complete 
|  28|0x0000000703800000, 0x0000000703a00000, 0x0000000703a00000|100%| E|CS|TAMS 0x0000000703800000| PB 0x0000000703800000| Complete 
|  29|0x0000000703a00000, 0x0000000703c00000, 0x0000000703c00000|100%| E|CS|TAMS 0x0000000703a00000| PB 0x0000000703a00000| Complete 
|  30|0x0000000703c00000, 0x0000000703e00000, 0x0000000703e00000|100%| E|CS|TAMS 0x0000000703c00000| PB 0x0000000703c00000| Complete 
|  31|0x0000000703e00000, 0x0000000704000000, 0x0000000704000000|100%| E|CS|TAMS 0x0000000703e00000| PB 0x0000000703e00000| Complete 
|  32|0x0000000704000000, 0x000000070405fd30, 0x0000000704200000| 18%| S|CS|TAMS 0x0000000704000000| PB 0x0000000704000000| Complete 
|  33|0x0000000704200000, 0x0000000704400000, 0x0000000704400000|100%| S|CS|TAMS 0x0000000704200000| PB 0x0000000704200000| Complete 
|  34|0x0000000704400000, 0x0000000704600000, 0x0000000704600000|100%| S|CS|TAMS 0x0000000704400000| PB 0x0000000704400000| Complete 
|  35|0x0000000704600000, 0x0000000704800000, 0x0000000704800000|100%| E|CS|TAMS 0x0000000704600000| PB 0x0000000704600000| Complete 
|  36|0x0000000704800000, 0x0000000704a00000, 0x0000000704a00000|100%| E|CS|TAMS 0x0000000704800000| PB 0x0000000704800000| Complete 
|  37|0x0000000704a00000, 0x0000000704c00000, 0x0000000704c00000|100%| E|CS|TAMS 0x0000000704a00000| PB 0x0000000704a00000| Complete 
|  38|0x0000000704c00000, 0x0000000704e00000, 0x0000000704e00000|100%| E|CS|TAMS 0x0000000704c00000| PB 0x0000000704c00000| Complete 
|  39|0x0000000704e00000, 0x0000000705000000, 0x0000000705000000|100%| E|CS|TAMS 0x0000000704e00000| PB 0x0000000704e00000| Complete 
|  40|0x0000000705000000, 0x0000000705200000, 0x0000000705200000|100%| E|CS|TAMS 0x0000000705000000| PB 0x0000000705000000| Complete 
|  41|0x0000000705200000, 0x0000000705400000, 0x0000000705400000|100%| E|CS|TAMS 0x0000000705200000| PB 0x0000000705200000| Complete 
|  54|0x0000000706c00000, 0x0000000706e00000, 0x0000000706e00000|100%| E|CS|TAMS 0x0000000706c00000| PB 0x0000000706c00000| Complete 
|  55|0x0000000706e00000, 0x0000000707000000, 0x0000000707000000|100%| E|CS|TAMS 0x0000000706e00000| PB 0x0000000706e00000| Complete 
|  56|0x0000000707000000, 0x0000000707200000, 0x0000000707200000|100%| E|CS|TAMS 0x0000000707000000| PB 0x0000000707000000| Complete 
|  60|0x0000000707800000, 0x0000000707a00000, 0x0000000707a00000|100%| E|CS|TAMS 0x0000000707800000| PB 0x0000000707800000| Complete 
|  61|0x0000000707a00000, 0x0000000707c00000, 0x0000000707c00000|100%| E|CS|TAMS 0x0000000707a00000| PB 0x0000000707a00000| Complete 
|2045|0x00000007ffa00000, 0x00000007ffc00000, 0x00000007ffc00000|100%| O|  |TAMS 0x00000007ffa00000| PB 0x00000007ffa00000| Untracked 
|2046|0x00000007ffc00000, 0x00000007ffe00000, 0x00000007ffe00000|100%| O|  |TAMS 0x00000007ffc00000| PB 0x00000007ffc00000| Untracked 
|2047|0x00000007ffe00000, 0x0000000800000000, 0x0000000800000000|100%| O|  |TAMS 0x00000007ffe00000| PB 0x00000007ffe00000| Untracked 

Card table byte_map: [0x00000213f3310000,0x00000213f3b10000] _byte_map_base: 0x00000213efb10000

Marking Bits: (CMBitMap*) 0x00000213d8ee71b0
 Bits: [0x00000213f3b10000, 0x00000213f7b10000)

Polling page: 0x00000213d8e10000

Metaspace:

Usage:
  Non-class:     36.24 MB used.
      Class:      5.97 MB used.
       Both:     42.21 MB used.

Virtual space:
  Non-class space:       64.00 MB reserved,      36.81 MB ( 58%) committed,  1 nodes.
      Class space:        1.00 GB reserved,       6.50 MB ( <1%) committed,  1 nodes.
             Both:        1.06 GB reserved,      43.31 MB (  4%) committed. 

Chunk freelists:
   Non-Class:  11.04 MB
       Class:  9.42 MB
        Both:  20.45 MB

MaxMetaspaceSize: 2.00 GB
CompressedClassSpaceSize: 1.00 GB
Initial GC threshold: 21.00 MB
Current GC threshold: 59.38 MB
CDS: on
 - commit_granule_bytes: 65536.
 - commit_granule_words: 8192.
 - virtual_space_node_default_size: 8388608.
 - enlarge_chunks_in_place: 1.
 - use_allocation_guard: 0.


Internal statistics:

num_allocs_failed_limit: 6.
num_arena_births: 1714.
num_arena_deaths: 0.
num_vsnodes_births: 2.
num_vsnodes_deaths: 0.
num_space_committed: 693.
num_space_uncommitted: 0.
num_chunks_returned_to_freelist: 6.
num_chunks_taken_from_freelist: 3427.
num_chunk_merges: 6.
num_chunk_splits: 2250.
num_chunks_enlarged: 1473.
num_inconsistent_stats: 0.

CodeHeap 'non-profiled nmethods': size=120000Kb used=2945Kb max_used=2945Kb free=117054Kb
 bounds [0x00000213ea940000, 0x00000213eac30000, 0x00000213f1e70000]
CodeHeap 'profiled nmethods': size=120000Kb used=9539Kb max_used=9539Kb free=110460Kb
 bounds [0x00000213e2e70000, 0x00000213e37d0000, 0x00000213ea3a0000]
CodeHeap 'non-nmethods': size=5760Kb used=1841Kb max_used=1897Kb free=3918Kb
 bounds [0x00000213ea3a0000, 0x00000213ea610000, 0x00000213ea940000]
CodeCache: size=245760Kb, used=14325Kb, max_used=14381Kb, free=231432Kb
 total_blobs=5588, nmethods=4873, adapters=619, full_count=0
Compilation: enabled, stopped_count=0, restarted_count=0

Compilation events (20 events):
Event: 12.396 Thread 0x00000213fa82be10 nmethod 5366 0x00000213e37b6790 code [0x00000213e37b6b20, 0x00000213e37b8588]
Event: 12.396 Thread 0x00000213fa82be10 5368       3       org.codehaus.groovy.util.SingleKeyHashMap::put (10 bytes)
Event: 12.397 Thread 0x00000213fa82be10 nmethod 5368 0x00000213e37b8d10 code [0x00000213e37b8ec0, 0x00000213e37b90f0]
Event: 12.397 Thread 0x00000213fa82be10 5372       3       org.codehaus.groovy.util.SingleKeyHashMap::get (67 bytes)
Event: 12.397 Thread 0x00000213fa82be10 nmethod 5372 0x00000213e37b9210 code [0x00000213e37b9420, 0x00000213e37b9ae8]
Event: 12.397 Thread 0x00000213fa82be10 5370       3       groovy.lang.MetaClassImpl::getPropName (19 bytes)
Event: 12.397 Thread 0x00000213fa826a80 nmethod 5365 0x00000213eac1d110 code [0x00000213eac1d2c0, 0x00000213eac1d508]
Event: 12.398 Thread 0x00000213fa82be10 nmethod 5370 0x00000213e37b9d10 code [0x00000213e37b9f20, 0x00000213e37ba5f8]
Event: 12.398 Thread 0x00000213fa82be10 5371       3       groovy.lang.MetaProperty::<init> (15 bytes)
Event: 12.398 Thread 0x00000213fa82be10 nmethod 5371 0x00000213e37ba890 code [0x00000213e37baa40, 0x00000213e37bac70]
Event: 12.398 Thread 0x00000213fa82be10 5373       3       groovy.lang.MetaClassImpl$$Lambda/0x0000021381628000::<init> (10 bytes)
Event: 12.398 Thread 0x00000213fa82be10 nmethod 5373 0x00000213e37bad10 code [0x00000213e37baec0, 0x00000213e37bb080]
Event: 12.398 Thread 0x00000213fa82be10 5374       3       groovy.lang.MetaClassImpl::createMetaBeanProperty (35 bytes)
Event: 12.399 Thread 0x00000213fa82be10 nmethod 5374 0x00000213e37bb110 code [0x00000213e37bb300, 0x00000213e37bb7d8]
Event: 12.399 Thread 0x00000213fa82be10 5369       3       groovy.lang.MetaMethod::isStatic (16 bytes)
Event: 12.399 Thread 0x00000213fa82be10 nmethod 5369 0x00000213e37bb990 code [0x00000213e37bbb40, 0x00000213e37bbd58]
Event: 12.404 Thread 0x00000213fa82be10 5375       3       com.google.common.collect.ImmutableList::builder (8 bytes)
Event: 12.405 Thread 0x00000213fa82be10 nmethod 5375 0x00000213e37bbe10 code [0x00000213e37bbfe0, 0x00000213e37bc3a0]
Event: 12.405 Thread 0x00000213fa82be10 5376       3       com.google.common.collect.ImmutableList$Builder::<init> (6 bytes)
Event: 12.405 Thread 0x00000213fa82be10 nmethod 5376 0x00000213e37bc510 code [0x00000213e37bc6c0, 0x00000213e37bc9f0]

GC Heap History (16 events):
Event: 0.495 GC heap before
{Heap before GC invocations=0 (full 0):
 garbage-first heap   total 126976K, used 22528K [0x0000000700000000, 0x0000000800000000)
  region size 2048K, 11 young (22528K), 0 survivors (0K)
 Metaspace       used 892K, committed 1024K, reserved 1114112K
  class space    used 71K, committed 128K, reserved 1048576K
}
Event: 0.498 GC heap after
{Heap after GC invocations=1 (full 0):
 garbage-first heap   total 126976K, used 1600K [0x0000000700000000, 0x0000000800000000)
  region size 2048K, 1 young (2048K), 1 survivors (2048K)
 Metaspace       used 892K, committed 1024K, reserved 1114112K
  class space    used 71K, committed 128K, reserved 1048576K
}
Event: 1.545 GC heap before
{Heap before GC invocations=1 (full 0):
 garbage-first heap   total 126976K, used 46656K [0x0000000700000000, 0x0000000800000000)
  region size 2048K, 21 young (43008K), 1 survivors (2048K)
 Metaspace       used 4431K, committed 4608K, reserved 1114112K
  class space    used 556K, committed 640K, reserved 1048576K
}
Event: 1.555 GC heap after
{Heap after GC invocations=2 (full 0):
 garbage-first heap   total 126976K, used 12042K [0x0000000700000000, 0x0000000800000000)
  region size 2048K, 3 young (6144K), 3 survivors (6144K)
 Metaspace       used 4431K, committed 4608K, reserved 1114112K
  class space    used 556K, committed 640K, reserved 1048576K
}
Event: 3.166 GC heap before
{Heap before GC invocations=2 (full 0):
 garbage-first heap   total 126976K, used 69386K [0x0000000700000000, 0x0000000800000000)
  region size 2048K, 31 young (63488K), 3 survivors (6144K)
 Metaspace       used 8339K, committed 8640K, reserved 1114112K
  class space    used 1127K, committed 1280K, reserved 1048576K
}
Event: 3.259 GC heap after
{Heap after GC invocations=3 (full 0):
 garbage-first heap   total 126976K, used 19117K [0x0000000700000000, 0x0000000800000000)
  region size 2048K, 4 young (8192K), 4 survivors (8192K)
 Metaspace       used 8339K, committed 8640K, reserved 1114112K
  class space    used 1127K, committed 1280K, reserved 1048576K
}
Event: 6.005 GC heap before
{Heap before GC invocations=3 (full 0):
 garbage-first heap   total 126976K, used 86701K [0x0000000700000000, 0x0000000800000000)
  region size 2048K, 37 young (75776K), 4 survivors (8192K)
 Metaspace       used 19886K, committed 20608K, reserved 1114112K
  class space    used 2871K, committed 3200K, reserved 1048576K
}
Event: 6.014 GC heap after
{Heap after GC invocations=4 (full 0):
 garbage-first heap   total 126976K, used 24218K [0x0000000700000000, 0x0000000800000000)
  region size 2048K, 3 young (6144K), 3 survivors (6144K)
 Metaspace       used 19886K, committed 20608K, reserved 1114112K
  class space    used 2871K, committed 3200K, reserved 1048576K
}
Event: 6.313 GC heap before
{Heap before GC invocations=4 (full 0):
 garbage-first heap   total 126976K, used 32410K [0x0000000700000000, 0x0000000800000000)
  region size 2048K, 8 young (16384K), 3 survivors (6144K)
 Metaspace       used 20868K, committed 21504K, reserved 1114112K
  class space    used 3034K, committed 3328K, reserved 1048576K
}
Event: 6.316 GC heap after
{Heap after GC invocations=5 (full 0):
 garbage-first heap   total 126976K, used 24854K [0x0000000700000000, 0x0000000800000000)
  region size 2048K, 3 young (6144K), 3 survivors (6144K)
 Metaspace       used 20868K, committed 21504K, reserved 1114112K
  class space    used 3034K, committed 3328K, reserved 1048576K
}
Event: 8.546 GC heap before
{Heap before GC invocations=6 (full 0):
 garbage-first heap   total 90112K, used 88342K [0x0000000700000000, 0x0000000800000000)
  region size 2048K, 34 young (69632K), 3 survivors (6144K)
 Metaspace       used 28731K, committed 29824K, reserved 1114112K
  class space    used 4227K, committed 4736K, reserved 1048576K
}
Event: 8.553 GC heap after
{Heap after GC invocations=7 (full 0):
 garbage-first heap   total 102400K, used 29674K [0x0000000700000000, 0x0000000800000000)
  region size 2048K, 3 young (6144K), 3 survivors (6144K)
 Metaspace       used 28731K, committed 29824K, reserved 1114112K
  class space    used 4227K, committed 4736K, reserved 1048576K
}
Event: 9.733 GC heap before
{Heap before GC invocations=7 (full 0):
 garbage-first heap   total 102400K, used 80874K [0x0000000700000000, 0x0000000800000000)
  region size 2048K, 29 young (59392K), 3 survivors (6144K)
 Metaspace       used 34561K, committed 35584K, reserved 1114112K
  class space    used 5080K, committed 5568K, reserved 1048576K
}
Event: 9.740 GC heap after
{Heap after GC invocations=8 (full 0):
 garbage-first heap   total 102400K, used 33752K [0x0000000700000000, 0x0000000800000000)
  region size 2048K, 3 young (6144K), 3 survivors (6144K)
 Metaspace       used 34561K, committed 35584K, reserved 1114112K
  class space    used 5080K, committed 5568K, reserved 1048576K
}
Event: 10.280 GC heap before
{Heap before GC invocations=8 (full 0):
 garbage-first heap   total 102400K, used 56280K [0x0000000700000000, 0x0000000800000000)
  region size 2048K, 15 young (30720K), 3 survivors (6144K)
 Metaspace       used 35464K, committed 36416K, reserved 1114112K
  class space    used 5152K, committed 5632K, reserved 1048576K
}
Event: 10.287 GC heap after
{Heap after GC invocations=9 (full 0):
 garbage-first heap   total 102400K, used 33663K [0x0000000700000000, 0x0000000800000000)
  region size 2048K, 3 young (6144K), 3 survivors (6144K)
 Metaspace       used 35464K, committed 36416K, reserved 1114112K
  class space    used 5152K, committed 5632K, reserved 1048576K
}

Dll operation events (20 events):
Event: 0.157 Attempting to load shared library C:\Program Files\Microsoft\jdk-21.0.12.101-hotspot\bin\nio.dll
Event: 0.161 Loaded shared library C:\Program Files\Microsoft\jdk-21.0.12.101-hotspot\bin\nio.dll
Event: 0.164 Attempting to load shared library C:\Program Files\Microsoft\jdk-21.0.12.101-hotspot\bin\zip.dll
Event: 0.164 Loaded shared library C:\Program Files\Microsoft\jdk-21.0.12.101-hotspot\bin\zip.dll
Event: 0.501 Attempting to load shared library C:\Program Files\Microsoft\jdk-21.0.12.101-hotspot\bin\jimage.dll
Event: 0.501 Loaded shared library C:\Program Files\Microsoft\jdk-21.0.12.101-hotspot\bin\jimage.dll
Event: 0.657 Attempting to load shared library C:\Program Files\Microsoft\jdk-21.0.12.101-hotspot\bin\verify.dll
Event: 0.658 Loaded shared library C:\Program Files\Microsoft\jdk-21.0.12.101-hotspot\bin\verify.dll
Event: 0.765 Attempting to load shared library C:\Users\HP\.gradle\native\1def1411415f61bf3af743bc5b6707747c0891f09f0c88961ee8f79bc544acac\windows-amd64\native-platform.dll
Event: 0.766 Loaded shared library C:\Users\HP\.gradle\native\1def1411415f61bf3af743bc5b6707747c0891f09f0c88961ee8f79bc544acac\windows-amd64\native-platform.dll
Event: 0.780 Attempting to load shared library C:\Users\HP\.gradle\native\0.2.7\x86_64-windows-gnu\gradle-fileevents.dll
Event: 0.781 Loaded shared library C:\Users\HP\.gradle\native\0.2.7\x86_64-windows-gnu\gradle-fileevents.dll
Event: 2.558 Attempting to load shared library C:\Program Files\Microsoft\jdk-21.0.12.101-hotspot\bin\management.dll
Event: 2.565 Loaded shared library C:\Program Files\Microsoft\jdk-21.0.12.101-hotspot\bin\management.dll
Event: 2.572 Attempting to load shared library C:\Program Files\Microsoft\jdk-21.0.12.101-hotspot\bin\management_ext.dll
Event: 2.576 Loaded shared library C:\Program Files\Microsoft\jdk-21.0.12.101-hotspot\bin\management_ext.dll
Event: 3.013 Attempting to load shared library C:\Program Files\Microsoft\jdk-21.0.12.101-hotspot\bin\extnet.dll
Event: 3.014 Loaded shared library C:\Program Files\Microsoft\jdk-21.0.12.101-hotspot\bin\extnet.dll
Event: 3.609 Attempting to load shared library C:\Program Files\Microsoft\jdk-21.0.12.101-hotspot\bin\sunmscapi.dll
Event: 3.625 Loaded shared library C:\Program Files\Microsoft\jdk-21.0.12.101-hotspot\bin\sunmscapi.dll

Deoptimization events (20 events):
Event: 12.375 Thread 0x00000213c20b9010 Uncommon trap: trap_request=0xffffffde fr.pc=0x00000213eabe34e4 relative=0x0000000000000944
Event: 12.375 Thread 0x00000213c20b9010 Uncommon trap: reason=class_check action=maybe_recompile pc=0x00000213eabe34e4 method=jdk.internal.loader.URLClassPath.getLoader(I)Ljdk/internal/loader/URLClassPath$Loader; @ 190 c2
Event: 12.375 Thread 0x00000213c20b9010 DEOPT PACKING pc=0x00000213eabe34e4 sp=0x000000a7a70f7bc0
Event: 12.375 Thread 0x00000213c20b9010 DEOPT UNPACKING pc=0x00000213ea3f4422 sp=0x000000a7a70f7b80 mode 2
Event: 12.375 Thread 0x00000213c20b9010 Uncommon trap: trap_request=0xffffffde fr.pc=0x00000213ea96383c relative=0x000000000000021c
Event: 12.375 Thread 0x00000213c20b9010 Uncommon trap: reason=class_check action=maybe_recompile pc=0x00000213ea96383c method=jdk.internal.loader.URLClassPath.getResource(Ljava/lang/String;Z)Ljdk/internal/loader/Resource; @ 53 c2
Event: 12.375 Thread 0x00000213c20b9010 DEOPT PACKING pc=0x00000213ea96383c sp=0x000000a7a70f7c50
Event: 12.375 Thread 0x00000213c20b9010 DEOPT UNPACKING pc=0x00000213ea3f4422 sp=0x000000a7a70f7be0 mode 2
Event: 12.376 Thread 0x00000213c20b9010 Uncommon trap: trap_request=0xffffff45 fr.pc=0x00000213eabf9630 relative=0x0000000000002010
Event: 12.376 Thread 0x00000213c20b9010 Uncommon trap: reason=unstable_if action=reinterpret pc=0x00000213eabf9630 method=jdk.internal.loader.BuiltinClassLoader.findLoadedModule(Ljava/lang/String;)Ljdk/internal/loader/BuiltinClassLoader$LoadedModule; @ 8 c2
Event: 12.376 Thread 0x00000213c20b9010 DEOPT PACKING pc=0x00000213eabf9630 sp=0x000000a7a70f7b70
Event: 12.376 Thread 0x00000213c20b9010 DEOPT UNPACKING pc=0x00000213ea3f4422 sp=0x000000a7a70f7a50 mode 2
Event: 12.394 Thread 0x00000213c20b9010 Uncommon trap: trap_request=0xffffffde fr.pc=0x00000213eabe34e4 relative=0x0000000000000944
Event: 12.394 Thread 0x00000213c20b9010 Uncommon trap: reason=class_check action=maybe_recompile pc=0x00000213eabe34e4 method=jdk.internal.loader.URLClassPath.getLoader(I)Ljdk/internal/loader/URLClassPath$Loader; @ 190 c2
Event: 12.394 Thread 0x00000213c20b9010 DEOPT PACKING pc=0x00000213eabe34e4 sp=0x000000a7a70f7cc0
Event: 12.394 Thread 0x00000213c20b9010 DEOPT UNPACKING pc=0x00000213ea3f4422 sp=0x000000a7a70f7c80 mode 2
Event: 12.394 Thread 0x00000213c20b9010 Uncommon trap: trap_request=0xffffffde fr.pc=0x00000213ea96383c relative=0x000000000000021c
Event: 12.394 Thread 0x00000213c20b9010 Uncommon trap: reason=class_check action=maybe_recompile pc=0x00000213ea96383c method=jdk.internal.loader.URLClassPath.getResource(Ljava/lang/String;Z)Ljdk/internal/loader/Resource; @ 53 c2
Event: 12.394 Thread 0x00000213c20b9010 DEOPT PACKING pc=0x00000213ea96383c sp=0x000000a7a70f7d50
Event: 12.394 Thread 0x00000213c20b9010 DEOPT UNPACKING pc=0x00000213ea3f4422 sp=0x000000a7a70f7ce0 mode 2

Classes loaded (20 events):
Event: 11.940 Loading class java/util/ServiceConfigurationError
Event: 11.940 Loading class java/util/ServiceConfigurationError done
Event: 11.953 Loading class java/nio/channels/Channels
Event: 11.953 Loading class java/nio/channels/Channels done
Event: 11.953 Loading class sun/nio/ch/Streams
Event: 11.954 Loading class sun/nio/ch/Streams done
Event: 11.954 Loading class sun/nio/ch/ChannelInputStream
Event: 11.954 Loading class sun/nio/ch/ChannelInputStream done
Event: 12.003 Loading class sun/nio/ch/ChannelOutputStream
Event: 12.003 Loading class sun/nio/ch/ChannelOutputStream done
Event: 12.252 Loading class jdk/internal/loader/URLClassPath$FileLoader
Event: 12.252 Loading class jdk/internal/loader/URLClassPath$FileLoader done
Event: 12.254 Loading class jdk/internal/loader/URLClassPath$FileLoader$1
Event: 12.254 Loading class jdk/internal/loader/URLClassPath$FileLoader$1 done
Event: 12.274 Loading class java/util/stream/IntPipeline$1
Event: 12.275 Loading class java/util/stream/IntPipeline$1 done
Event: 12.275 Loading class java/util/stream/IntPipeline$1$1
Event: 12.276 Loading class java/util/stream/IntPipeline$1$1 done
Event: 12.281 Loading class java/lang/IllegalAccessError
Event: 12.281 Loading class java/lang/IllegalAccessError done

Classes unloaded (0 events):
No events

Classes redefined (0 events):
No events

Internal exceptions (20 events):
Event: 12.248 Thread 0x00000213c20b9010 Exception <a 'java/lang/NoSuchMethodError'{0x00000007031722b8}: 'void java.lang.invoke.DirectMethodHandle$Holder.invokeInterface(java.lang.Object, java.lang.Object, java.lang.Object, java.lang.Object, java.lang.Object, java.lang.Object, java.lang.Object)'> (0x00000007031722b8) 
thrown [s\src\hotspot\share\interpreter\linkResolver.cpp, line 773]
Event: 12.249 Thread 0x00000213c20b9010 Exception <a 'java/lang/NoSuchMethodError'{0x0000000703176ef0}: 'void java.lang.invoke.DelegatingMethodHandle$Holder.reinvoke_L(java.lang.Object, java.lang.Object, java.lang.Object, java.lang.Object, java.lang.Object, java.lang.Object, java.lang.Object)'> (0x0000000703176ef0) 
thrown [s\src\hotspot\share\interpreter\linkResolver.cpp, line 773]
Event: 12.285 Thread 0x00000213c20b9010 Exception <a 'java/lang/NoSuchMethodError'{0x0000000702ecb740}: 'java.lang.Object java.lang.invoke.DirectMethodHandle$Holder.invokeStaticInit(java.lang.Object, java.lang.Object, java.lang.Object, java.lang.Object, java.lang.Object, java.lang.Object, java.lang.Object)'> (0x0000000702ecb740) 
thrown [s\src\hotspot\share\interpreter\linkResolver.cpp, line 773]
Event: 12.289 Thread 0x00000213c20b9010 Exception <a 'java/lang/NoSuchMethodError'{0x0000000702eeea90}: 'java.lang.Object java.lang.invoke.DirectMethodHandle$Holder.invokeSpecial(java.lang.Object, java.lang.Object, java.lang.Object, int, java.lang.Object, java.lang.Object)'> (0x0000000702eeea90) 
thrown [s\src\hotspot\share\interpreter\linkResolver.cpp, line 773]
Event: 12.355 Thread 0x00000213c20b9010 Exception <a 'java/lang/ClassNotFoundException'{0x0000000702d7eb18}: groovy/lang/BindingBeanInfo> (0x0000000702d7eb18) 
thrown [s\src\hotspot\share\classfile\systemDictionary.cpp, line 313]
Event: 12.355 Thread 0x00000213c20b9010 Exception <a 'java/lang/ClassNotFoundException'{0x0000000702d88718}: groovy/lang/GroovyObjectSupportBeanInfo> (0x0000000702d88718) 
thrown [s\src\hotspot\share\classfile\systemDictionary.cpp, line 313]
Event: 12.356 Thread 0x00000213c20b9010 Exception <a 'java/lang/ClassNotFoundException'{0x0000000702d92338}: groovy/lang/GroovyObjectSupportCustomizer> (0x0000000702d92338) 
thrown [s\src\hotspot\share\classfile\systemDictionary.cpp, line 313]
Event: 12.357 Thread 0x00000213c20b9010 Exception <a 'java/lang/ClassNotFoundException'{0x0000000702da05f0}: groovy/lang/BindingCustomizer> (0x0000000702da05f0) 
thrown [s\src\hotspot\share\classfile\systemDictionary.cpp, line 313]
Event: 12.377 Thread 0x00000213c20b9010 Exception <a 'java/lang/ClassNotFoundException'{0x0000000702ae5cb8}: db3b08fc4a9ef609cb16b96b200fa1_a7jp6869f86px7ns0wun3vjyjBeanInfo> (0x0000000702ae5cb8) 
thrown [s\src\hotspot\share\classfile\systemDictionary.cpp, line 313]
Event: 12.377 Thread 0x00000213c20b9010 Exception <a 'java/lang/ClassNotFoundException'{0x0000000702aef900}: org/gradle/initialization/InitScriptBeanInfo> (0x0000000702aef900) 
thrown [s\src\hotspot\share\classfile\systemDictionary.cpp, line 313]
Event: 12.378 Thread 0x00000213c20b9010 Exception <a 'java/lang/ClassNotFoundException'{0x0000000702af96c8}: org/gradle/groovy/scripts/DefaultScriptBeanInfo> (0x0000000702af96c8) 
thrown [s\src\hotspot\share\classfile\systemDictionary.cpp, line 313]
Event: 12.378 Thread 0x00000213c20b9010 Exception <a 'java/lang/ClassNotFoundException'{0x0000000702b03350}: org/gradle/groovy/scripts/BasicScriptBeanInfo> (0x0000000702b03350) 
thrown [s\src\hotspot\share\classfile\systemDictionary.cpp, line 313]
Event: 12.379 Thread 0x00000213c20b9010 Exception <a 'java/lang/ClassNotFoundException'{0x0000000702b0cf78}: org/gradle/groovy/scripts/ScriptBeanInfo> (0x0000000702b0cf78) 
thrown [s\src\hotspot\share\classfile\systemDictionary.cpp, line 313]
Event: 12.380 Thread 0x00000213c20b9010 Exception <a 'java/lang/ClassNotFoundException'{0x0000000702b16878}: groovy/lang/ScriptBeanInfo> (0x0000000702b16878) 
thrown [s\src\hotspot\share\classfile\systemDictionary.cpp, line 313]
Event: 12.380 Thread 0x00000213c20b9010 Exception <a 'java/lang/ClassNotFoundException'{0x0000000702b20168}: groovy/lang/ScriptCustomizer> (0x0000000702b20168) 
thrown [s\src\hotspot\share\classfile\systemDictionary.cpp, line 313]
Event: 12.382 Thread 0x00000213c20b9010 Exception <a 'java/lang/ClassNotFoundException'{0x0000000702b32470}: org/gradle/groovy/scripts/ScriptCustomizer> (0x0000000702b32470) 
thrown [s\src\hotspot\share\classfile\systemDictionary.cpp, line 313]
Event: 12.383 Thread 0x00000213c20b9010 Exception <a 'java/lang/ClassNotFoundException'{0x0000000702b42e90}: org/gradle/groovy/scripts/BasicScriptCustomizer> (0x0000000702b42e90) 
thrown [s\src\hotspot\share\classfile\systemDictionary.cpp, line 313]
Event: 12.384 Thread 0x00000213c20b9010 Exception <a 'java/lang/ClassNotFoundException'{0x0000000702b59fa8}: org/gradle/groovy/scripts/DefaultScriptCustomizer> (0x0000000702b59fa8) 
thrown [s\src\hotspot\share\classfile\systemDictionary.cpp, line 313]
Event: 12.393 Thread 0x00000213c20b9010 Exception <a 'java/lang/ClassNotFoundException'{0x0000000702b9e700}: org/gradle/initialization/InitScriptCustomizer> (0x0000000702b9e700) 
thrown [s\src\hotspot\share\classfile\systemDictionary.cpp, line 313]
Event: 12.395 Thread 0x00000213c20b9010 Exception <a 'java/lang/ClassNotFoundException'{0x0000000702badca8}: db3b08fc4a9ef609cb16b96b200fa1_a7jp6869f86px7ns0wun3vjyjCustomizer> (0x0000000702badca8) 
thrown [s\src\hotspot\share\classfile\systemDictionary.cpp, line 313]

ZGC Phase Switch (0 events):
No events

VM Operations (20 events):
Event: 11.206 Executing non-safepoint VM operation: HandshakeAllThreads (Deoptimize)
Event: 11.206 Executing non-safepoint VM operation: HandshakeAllThreads (Deoptimize) done
Event: 11.224 Executing non-safepoint VM operation: HandshakeAllThreads (Deoptimize)
Event: 11.224 Executing non-safepoint VM operation: HandshakeAllThreads (Deoptimize) done
Event: 11.311 Executing non-safepoint VM operation: HandshakeAllThreads (Deoptimize)
Event: 11.311 Executing non-safepoint VM operation: HandshakeAllThreads (Deoptimize) done
Event: 11.332 Executing safepoint VM operation: ICBufferFull
Event: 11.332 Executing safepoint VM operation: ICBufferFull done
Event: 11.497 Executing non-safepoint VM operation: HandshakeAllThreads (Deoptimize)
Event: 11.497 Executing non-safepoint VM operation: HandshakeAllThreads (Deoptimize) done
Event: 11.509 Executing non-safepoint VM operation: HandshakeAllThreads (Deoptimize)
Event: 11.509 Executing non-safepoint VM operation: HandshakeAllThreads (Deoptimize) done
Event: 11.793 Executing non-safepoint VM operation: HandshakeAllThreads (Deoptimize)
Event: 11.793 Executing non-safepoint VM operation: HandshakeAllThreads (Deoptimize) done
Event: 11.861 Executing non-safepoint VM operation: HandshakeAllThreads (Deoptimize)
Event: 11.861 Executing non-safepoint VM operation: HandshakeAllThreads (Deoptimize) done
Event: 11.901 Executing non-safepoint VM operation: HandshakeAllThreads (Deoptimize)
Event: 11.901 Executing non-safepoint VM operation: HandshakeAllThreads (Deoptimize) done
Event: 12.243 Executing safepoint VM operation: ICBufferFull
Event: 12.243 Executing safepoint VM operation: ICBufferFull done

Memory protections (0 events):
No events

Nmethod flushes (20 events):
Event: 10.313 Thread 0x00000213fa7fde80 flushing  nmethod 0x00000213e2eb4c90
Event: 10.313 Thread 0x00000213fa7fde80 flushing  nmethod 0x00000213e2f69e90
Event: 10.313 Thread 0x00000213fa7fde80 flushing  nmethod 0x00000213e2f6a890
Event: 10.313 Thread 0x00000213fa7fde80 flushing  nmethod 0x00000213e2f74710
Event: 10.313 Thread 0x00000213fa7fde80 flushing  nmethod 0x00000213e2f75590
Event: 10.313 Thread 0x00000213fa7fde80 flushing  nmethod 0x00000213e2f78010
Event: 10.313 Thread 0x00000213fa7fde80 flushing  nmethod 0x00000213e2f7b090
Event: 10.313 Thread 0x00000213fa7fde80 flushing  nmethod 0x00000213e2ffe590
Event: 10.313 Thread 0x00000213fa7fde80 flushing  nmethod 0x00000213e3000c90
Event: 10.313 Thread 0x00000213fa7fde80 flushing  nmethod 0x00000213e3004e10
Event: 10.313 Thread 0x00000213fa7fde80 flushing  nmethod 0x00000213e3005b90
Event: 10.313 Thread 0x00000213fa7fde80 flushing  nmethod 0x00000213e3007710
Event: 10.313 Thread 0x00000213fa7fde80 flushing  nmethod 0x00000213e301d010
Event: 10.313 Thread 0x00000213fa7fde80 flushing  nmethod 0x00000213e3020010
Event: 10.313 Thread 0x00000213fa7fde80 flushing  nmethod 0x00000213e3020a90
Event: 10.313 Thread 0x00000213fa7fde80 flushing  nmethod 0x00000213e31f4e10
Event: 10.313 Thread 0x00000213fa7fde80 flushing  nmethod 0x00000213e31f6a90
Event: 10.313 Thread 0x00000213fa7fde80 flushing  nmethod 0x00000213e31f9590
Event: 10.313 Thread 0x00000213fa7fde80 flushing  nmethod 0x00000213e3363c10
Event: 10.313 Thread 0x00000213fa7fde80 flushing  nmethod 0x00000213e3367990

Events (20 events):
Event: 3.926 Thread 0x00000213c20b9010 Thread added: 0x00000213c20b82f0
Event: 3.932 Thread 0x00000213c20b9010 Thread added: 0x00000213c20b7c60
Event: 4.715 Thread 0x00000213c20b9010 Thread added: 0x00000213c20b96a0
Event: 4.747 Thread 0x00000213c20b9010 Thread added: 0x00000213c20b9d30
Event: 4.826 Thread 0x00000213c20b9010 Thread added: 0x00000213c20ba3c0
Event: 4.870 Thread 0x00000213c20b9d30 Thread added: 0x00000213c20b8980
Event: 5.022 Thread 0x00000213fa82be10 Thread added: 0x00000213c23cc030
Event: 6.992 Thread 0x00000213c20b9010 Thread added: 0x00000213c25f8850
Event: 7.084 Thread 0x00000213c20b9010 Thread added: 0x00000213c25f7b30
Event: 7.488 Thread 0x00000213c20b9010 Thread added: 0x00000213c25f6e10
Event: 7.497 Thread 0x00000213c20b9010 Thread added: 0x00000213c25f81c0
Event: 7.653 Thread 0x00000213c23cc030 Thread exited: 0x00000213c23cc030
Event: 7.943 Thread 0x00000213c20b9010 Thread added: 0x00000213c25f8ee0
Event: 7.944 Thread 0x00000213c20b9010 Thread added: 0x00000213c25f60f0
Event: 7.944 Thread 0x00000213c20b9010 Thread added: 0x00000213c25f74a0
Event: 8.012 Thread 0x00000213fa82be10 Thread added: 0x00000213c23cc030
Event: 8.899 Thread 0x00000213c23cc030 Thread exited: 0x00000213c23cc030
Event: 8.946 Thread 0x00000213fa82be10 Thread added: 0x00000213c23cc030
Event: 10.654 Thread 0x00000213c20b9010 Thread added: 0x00000213c25f6780
Event: 12.208 Thread 0x00000213c20b9010 Thread added: 0x00000213c25fb640


Dynamic libraries:
0x00007ff663a20000 - 0x00007ff663a2e000 	C:\Program Files\Microsoft\jdk-21.0.12.101-hotspot\bin\java.exe
0x00007ffaaca20000 - 0x00007ffaacc87000 	C:\windows\SYSTEM32\ntdll.dll
0x00007ffaaba10000 - 0x00007ffaabadb000 	C:\windows\System32\KERNEL32.DLL
0x00007ffaaa250000 - 0x00007ffaaa652000 	C:\windows\System32\KERNELBASE.dll
0x00007ffaa9bf0000 - 0x00007ffaa9d3c000 	C:\windows\System32\ucrtbase.dll
0x00007ffaa9280000 - 0x00007ffaa929e000 	C:\Program Files\Microsoft\jdk-21.0.12.101-hotspot\bin\VCRUNTIME140.dll
0x00007ffa9f810000 - 0x00007ffa9f828000 	C:\Program Files\Microsoft\jdk-21.0.12.101-hotspot\bin\jli.dll
0x00007ffaabd60000 - 0x00007ffaabf2f000 	C:\windows\System32\USER32.dll
0x00007ffaa9fa0000 - 0x00007ffaa9fc7000 	C:\windows\System32\win32u.dll
0x00007ffa84f90000 - 0x00007ffa85220000 	C:\windows\WinSxS\amd64_microsoft.windows.common-controls_6595b64144ccf1df_6.0.26100.9278_none_3e0d1ba8e3303201\COMCTL32.dll
0x00007ffaaaee0000 - 0x00007ffaaaf0b000 	C:\windows\System32\GDI32.dll
0x00007ffaac160000 - 0x00007ffaac209000 	C:\windows\System32\msvcrt.dll
0x00007ffaa9fd0000 - 0x00007ffaaa0f9000 	C:\windows\System32\gdi32full.dll
0x00007ffaaa660000 - 0x00007ffaaa703000 	C:\windows\System32\msvcp_win.dll
0x00007ffaab9d0000 - 0x00007ffaaba01000 	C:\windows\System32\IMM32.DLL
0x00007ffaa9270000 - 0x00007ffaa927c000 	C:\Program Files\Microsoft\jdk-21.0.12.101-hotspot\bin\vcruntime140_1.dll
0x00007ffa60810000 - 0x00007ffa60899000 	C:\Program Files\Microsoft\jdk-21.0.12.101-hotspot\bin\msvcp140.dll
0x00007ff9abe80000 - 0x00007ff9acc2f000 	C:\Program Files\Microsoft\jdk-21.0.12.101-hotspot\bin\server\jvm.dll
0x00007ffaac740000 - 0x00007ffaac7fc000 	C:\windows\System32\ADVAPI32.dll
0x00007ffaaacc0000 - 0x00007ffaaad69000 	C:\windows\System32\sechost.dll
0x00007ffaaad70000 - 0x00007ffaaae88000 	C:\windows\System32\RPCRT4.dll
0x00007ffaac910000 - 0x00007ffaac990000 	C:\windows\System32\WS2_32.dll
0x00007ffa9f220000 - 0x00007ffa9f22b000 	C:\windows\SYSTEM32\VERSION.dll
0x00007ffaa9a50000 - 0x00007ffaa9aae000 	C:\windows\SYSTEM32\POWRPROF.dll
0x00007ffaa5cd0000 - 0x00007ffaa5d06000 	C:\windows\SYSTEM32\WINMM.dll
0x00007ffaa9a30000 - 0x00007ffaa9a45000 	C:\windows\SYSTEM32\UMPDC.dll
0x00007ffaa8330000 - 0x00007ffaa834b000 	C:\windows\SYSTEM32\kernel.appcore.dll
0x00007ffaa9230000 - 0x00007ffaa923a000 	C:\Program Files\Microsoft\jdk-21.0.12.101-hotspot\bin\jimage.dll
0x00007ffaa6ce0000 - 0x00007ffaa6f2c000 	C:\windows\SYSTEM32\DBGHELP.DLL
0x00007ffaac3b0000 - 0x00007ffaac735000 	C:\windows\System32\combase.dll
0x00007ffaaabe0000 - 0x00007ffaaacb9000 	C:\windows\System32\OLEAUT32.dll
0x00007ffa839f0000 - 0x00007ffa83a2b000 	C:\windows\SYSTEM32\dbgcore.DLL
0x00007ffaa9d50000 - 0x00007ffaa9dfc000 	C:\windows\System32\bcryptPrimitives.dll
0x00007ffa9f7d0000 - 0x00007ffa9f7e0000 	C:\Program Files\Microsoft\jdk-21.0.12.101-hotspot\bin\instrument.dll
0x00007ffa9deb0000 - 0x00007ffa9ded1000 	C:\Program Files\Microsoft\jdk-21.0.12.101-hotspot\bin\java.dll
0x00007ffaaaf70000 - 0x00007ffaab708000 	C:\windows\System32\SHELL32.dll
0x00007ffaa7120000 - 0x00007ffaa79ce000 	C:\windows\SYSTEM32\windows.storage.dll
0x00007ffaab840000 - 0x00007ffaab93b000 	C:\windows\System32\SHCORE.dll
0x00007ffaab7d0000 - 0x00007ffaab836000 	C:\windows\System32\shlwapi.dll
0x00007ffaa9b10000 - 0x00007ffaa9b39000 	C:\windows\SYSTEM32\profapi.dll
0x00007ffa2a160000 - 0x00007ffa2a236000 	C:\Program Files\Microsoft\jdk-21.0.12.101-hotspot\bin\jsvml.dll
0x00007ffa9e100000 - 0x00007ffa9e118000 	C:\Program Files\Microsoft\jdk-21.0.12.101-hotspot\bin\zip.dll
0x00007ffa9de90000 - 0x00007ffa9dea1000 	C:\Program Files\Microsoft\jdk-21.0.12.101-hotspot\bin\net.dll
0x00007ffaa0070000 - 0x00007ffaa019a000 	C:\windows\SYSTEM32\WINHTTP.dll
0x00007ffaa8990000 - 0x00007ffaa89fc000 	C:\windows\system32\mswsock.dll
0x00007ffa9de20000 - 0x00007ffa9de36000 	C:\Program Files\Microsoft\jdk-21.0.12.101-hotspot\bin\nio.dll
0x00007ffa9f770000 - 0x00007ffa9f780000 	C:\Program Files\Microsoft\jdk-21.0.12.101-hotspot\bin\verify.dll
0x00007ffa8afa0000 - 0x00007ffa8afc7000 	C:\Users\HP\.gradle\native\1def1411415f61bf3af743bc5b6707747c0891f09f0c88961ee8f79bc544acac\windows-amd64\native-platform.dll
0x00007ffa2a0e0000 - 0x00007ffa2a158000 	C:\Users\HP\.gradle\native\0.2.7\x86_64-windows-gnu\gradle-fileevents.dll
0x00007ffa9e9a0000 - 0x00007ffa9e9aa000 	C:\Program Files\Microsoft\jdk-21.0.12.101-hotspot\bin\management.dll
0x00007ffa9e1d0000 - 0x00007ffa9e1dc000 	C:\Program Files\Microsoft\jdk-21.0.12.101-hotspot\bin\management_ext.dll
0x00007ffaac9a0000 - 0x00007ffaac9a8000 	C:\windows\System32\PSAPI.DLL
0x00007ffaa7da0000 - 0x00007ffaa7dd3000 	C:\windows\SYSTEM32\IPHLPAPI.DLL
0x00007ffaabb70000 - 0x00007ffaabb7a000 	C:\windows\System32\NSI.dll
0x00007ffa9e1b0000 - 0x00007ffa9e1b9000 	C:\Program Files\Microsoft\jdk-21.0.12.101-hotspot\bin\extnet.dll
0x00007ffaa8ca0000 - 0x00007ffaa8cbb000 	C:\windows\SYSTEM32\CRYPTSP.dll
0x00007ffaa8350000 - 0x00007ffaa8389000 	C:\windows\system32\rsaenh.dll
0x00007ffaa8a40000 - 0x00007ffaa8a74000 	C:\windows\SYSTEM32\USERENV.dll
0x00007ffaa9ae0000 - 0x00007ffaa9b0a000 	C:\windows\SYSTEM32\bcrypt.dll
0x00007ffaa8c80000 - 0x00007ffaa8c8c000 	C:\windows\SYSTEM32\CRYPTBASE.dll
0x00007ffa8cd50000 - 0x00007ffa8cd5e000 	C:\Program Files\Microsoft\jdk-21.0.12.101-hotspot\bin\sunmscapi.dll
0x00007ffaa9e10000 - 0x00007ffaa9f8e000 	C:\windows\System32\CRYPT32.dll
0x00007ffaa8f50000 - 0x00007ffaa8f80000 	C:\windows\SYSTEM32\ncrypt.dll
0x00007ffaa8e20000 - 0x00007ffaa8e5f000 	C:\windows\SYSTEM32\NTASN1.dll
0x00007ffa77790000 - 0x00007ffa77798000 	C:\windows\system32\wshunix.dll

JVMTI agents:
C:\Users\HP\.gradle\wrapper\dists\gradle-8.14-all\c2qonpi39x1mddn7hk5gh9iqj\gradle-8.14\lib\agents\gradle-instrumentation-agent-8.14.jar path:C:\Program Files\Microsoft\jdk-21.0.12.101-hotspot\bin\instrument.dll, loaded, initialized, instrumentlib options:none

dbghelp: loaded successfully - version: 4.0.5 - missing functions: none
symbol engine: initialized successfully - sym options: 0x614 - pdb path: .;C:\Program Files\Microsoft\jdk-21.0.12.101-hotspot\bin;C:\windows\SYSTEM32;C:\windows\WinSxS\amd64_microsoft.windows.common-controls_6595b64144ccf1df_6.0.26100.9278_none_3e0d1ba8e3303201;C:\Program Files\Microsoft\jdk-21.0.12.101-hotspot\bin\server;C:\Users\HP\.gradle\native\1def1411415f61bf3af743bc5b6707747c0891f09f0c88961ee8f79bc544acac\windows-amd64;C:\Users\HP\.gradle\native\0.2.7\x86_64-windows-gnu

VM Arguments:
jvm_args: --add-opens=java.base/java.lang=ALL-UNNAMED --add-opens=java.base/java.lang.invoke=ALL-UNNAMED --add-opens=java.base/java.util=ALL-UNNAMED --add-opens=java.prefs/java.util.prefs=ALL-UNNAMED --add-exports=jdk.compiler/com.sun.tools.javac.api=ALL-UNNAMED --add-exports=jdk.compiler/com.sun.tools.javac.util=ALL-UNNAMED --add-opens=java.base/java.util=ALL-UNNAMED --add-opens=java.prefs/java.util.prefs=ALL-UNNAMED --add-opens=java.base/java.nio.charset=ALL-UNNAMED --add-opens=java.base/java.net=ALL-UNNAMED --add-opens=java.base/java.util.concurrent.atomic=ALL-UNNAMED --add-opens=java.xml/javax.xml.namespace=ALL-UNNAMED -XX:MaxMetaspaceSize=2G -XX:+HeapDumpOnOutOfMemoryError -Xmx4G -Dfile.encoding=UTF-8 -Duser.country=US -Duser.language=en -Duser.variant -javaagent:C:\Users\HP\.gradle\wrapper\dists\gradle-8.14-all\c2qonpi39x1mddn7hk5gh9iqj\gradle-8.14\lib\agents\gradle-instrumentation-agent-8.14.jar 
java_command: org.gradle.launcher.daemon.bootstrap.GradleDaemon 8.14
java_class_path (initial): C:\Users\HP\.gradle\wrapper\dists\gradle-8.14-all\c2qonpi39x1mddn7hk5gh9iqj\gradle-8.14\lib\gradle-daemon-main-8.14.jar
Launcher Type: SUN_STANDARD

[Global flags]
     intx CICompilerCount                          = 4                                         {product} {ergonomic}
     uint ConcGCThreads                            = 3                                         {product} {ergonomic}
     uint G1ConcRefinementThreads                  = 10                                        {product} {ergonomic}
   size_t G1HeapRegionSize                         = 2097152                                   {product} {ergonomic}
    uintx GCDrainStackTargetSize                   = 64                                        {product} {ergonomic}
     bool HeapDumpOnOutOfMemoryError               = true                                   {manageable} {command line}
   size_t InitialHeapSize                          = 130023424                                 {product} {ergonomic}
   size_t MarkStackSize                            = 4194304                                   {product} {ergonomic}
   size_t MaxHeapSize                              = 4294967296                                {product} {command line}
   size_t MaxMetaspaceSize                         = 2147483648                                {product} {command line}
   size_t MaxNewSize                               = 2575302656                                {product} {ergonomic}
   size_t MinHeapDeltaBytes                        = 2097152                                   {product} {ergonomic}
   size_t MinHeapSize                              = 8388608                                   {product} {ergonomic}
    uintx NonNMethodCodeHeapSize                   = 5839372                                {pd product} {ergonomic}
    uintx NonProfiledCodeHeapSize                  = 122909434                              {pd product} {ergonomic}
    uintx ProfiledCodeHeapSize                     = 122909434                              {pd product} {ergonomic}
    uintx ReservedCodeCacheSize                    = 251658240                              {pd product} {ergonomic}
     bool SegmentedCodeCache                       = true                                      {product} {ergonomic}
   size_t SoftMaxHeapSize                          = 4294967296                             {manageable} {ergonomic}
     bool UseCompressedOops                        = true                           {product lp64_product} {ergonomic}
     bool UseG1GC                                  = true                                      {product} {ergonomic}
     bool UseLargePagesIndividualAllocation        = false                                  {pd product} {ergonomic}

Logging:
Log output configuration:
 #0: stdout all=warning uptime,level,tags foldmultilines=false
 #1: stderr all=off uptime,level,tags foldmultilines=false

Release file:
IMPLEMENTOR="Microsoft" 
IMPLEMENTOR_VERSION="Microsoft-14941484" 
JAVA_RUNTIME_VERSION="21.0.12.1+1-LTS" 
JAVA_VERSION="21.0.12.1" 
JAVA_VERSION_DATE="2026-08-18" 
LIBC="default" 
MODULES="java.base java.compiler java.datatransfer java.xml java.prefs java.desktop java.instrument java.logging java.management java.security.sasl java.naming java.rmi java.management.rmi java.net.http java.scripting java.security.jgss java.transaction.xa java.sql java.sql.rowset java.xml.crypto java.se java.smartcardio jdk.accessibility jdk.internal.jvmstat jdk.attach jdk.charsets jdk.internal.opt jdk.zipfs jdk.compiler jdk.crypto.ec jdk.crypto.cryptoki jdk.crypto.mscapi jdk.dynalink jdk.internal.ed jdk.editpad jdk.hotspot.agent jdk.httpserver jdk.incubator.vector jdk.internal.le jdk.internal.vm.ci jdk.internal.vm.compiler jdk.internal.vm.compiler.management jdk.jartool jdk.javadoc jdk.jcmd jdk.management jdk.management.agent jdk.jconsole jdk.jdeps jdk.jdwp.agent jdk.jdi jdk.jfr jdk.jlink jdk.jpackage jdk.jshell jdk.jsobject jdk.jstatd jdk.localedata jdk.management.jfr jdk.naming.dns jdk.naming.rmi jdk.net jdk.nio.mapmode jdk.random jdk.sctp jdk.security.auth jdk.security.jgss jdk.unsupported jdk.unsupported.desktop jdk.xml.dom" 
OS_ARCH="x86_64" 
OS_NAME="Windows" 
SOURCE=".:git:6f26c6b2b098" 

Environment Variables:
JAVA_HOME=C:\Program Files\Microsoft\jdk-21.0.12.101-hotspot\
PATH=C:\Program Files\Microsoft\jdk-21.0.12.101-hotspot\bin;C:\windows\system32;C:\windows;C:\windows\System32\Wbem;C:\windows\System32\WindowsPowerShell\v1.0\;C:\windows\System32\OpenSSH\;C:\Program Files\nodejs\;C:\Program Files\MongoDB\Server\8.2\bin;C:\Program Files\Git\cmd;C:\Program Files\dotnet\;C:\Users\HP\AppData\Local\Programs\Python\Python313\Scripts\;C:\Users\HP\AppData\Local\Programs\Python\Python313\;C:\Users\HP\AppData\Local\Microsoft\WindowsApps;C:\Users\HP\AppData\Local\Programs\Microsoft VS Code\bin;C:\Users\HP\AppData\Roaming\npm;C:\Program Files\mongosh\;C:\Users\HP\AppData\Local\GitHubDesktop\bin;C:\Users\HP\AppData\Local\Programs\Antigravity\bin;C:\Users\HP\AppData\Local\Programs\Antigravity IDE\bin;C:\src\flutter\bin;C:\Users\HP\.dotnet\tools;C:\Users\HP\AppData\Local\Programs\DockerDesktop\resources\bin
USERNAME=HP
OS=Windows_NT
PROCESSOR_IDENTIFIER=Intel64 Family 6 Model 186 Stepping 3, GenuineIntel
TMP=C:\Users\HP\AppData\Local\Temp
TEMP=C:\Users\HP\AppData\Local\Temp




Periodic native trim disabled

---------------  S Y S T E M  ---------------

OS:
 Windows 11 , 64 bit Build 26100 (10.0.26100.9444)
OS uptime: 4 days 19:33 hours
Hyper-V role detected

CPU: total 12 (initial active 12) (6 cores per cpu, 2 threads per core) family 6 model 186 stepping 3 microcode 0x6134, cx8, cmov, fxsr, ht, mmx, 3dnowpref, sse, sse2, sse3, ssse3, sse4.1, sse4.2, popcnt, lzcnt, tsc, tscinvbit, avx, avx2, aes, erms, clmul, bmi1, bmi2, adx, sha, fma, vzeroupper, clflush, clflushopt, clwb, hv, serialize, rdtscp, rdpid, fsrm, f16c, cet_ibt, cet_ss
Processor Information for the first 12 processors :
  Max Mhz: 1400, Current Mhz: 1400, Mhz Limit: 1400

Memory: 4k page, system-wide physical 7832M (397M free)
TotalPageFile size 31384M (AvailPageFile size 0M)
current process WorkingSet (physical memory assigned to process): 265M, peak: 269M
current process commit charge ("private bytes"): 315M, peak: 321M

vm_info: OpenJDK 64-Bit Server VM (21.0.12.1+1-LTS) for windows-amd64 JRE (21.0.12.1+1-LTS), built on 2026-08-11T20:50:01Z by "MicrosoftCorporation" with MS VC++ 17.14 (VS2022)

END.
