#
# There is insufficient memory for the Java Runtime Environment to continue.
# Native memory allocation (malloc) failed to allocate 683600 bytes. Error detail: Chunk::new
# Possible reasons:
#   The system is out of physical RAM or swap space
#   This process is running with CompressedOops enabled, and the Java Heap may be blocking the growth of the native heap
# Possible solutions:
#   Reduce memory load on the system
#   Increase physical memory or swap space
#   Check if swap backing store is full
#   Decrease Java heap size (-Xmx/-Xms)
#   Decrease number of Java threads
#   Decrease Java thread stack sizes (-Xss)
#   Set larger code cache with -XX:ReservedCodeCacheSize=
#   JVM is running with Zero Based Compressed Oops mode in which the Java heap is
#     placed in the first 32GB address space. The Java Heap base address is the
#     maximum limit for the native heap growth. Please use -XX:HeapBaseMinAddress
#     to set the Java Heap base and to place the Java Heap above 32GB virtual address.
# This output file may be truncated or incomplete.
#
#  Out of Memory Error (arena.cpp:168), pid=16304, tid=27960
#
# JRE version: OpenJDK Runtime Environment Microsoft-14941484 (21.0.12.1+1) (build 21.0.12.1+1-LTS)
# Java VM: OpenJDK 64-Bit Server VM Microsoft-14941484 (21.0.12.1+1-LTS, mixed mode, sharing, tiered, compressed oops, compressed class ptrs, g1 gc, windows-amd64)
# No core dump will be written. Minidumps are not enabled by default on client versions of Windows
#

---------------  S U M M A R Y ------------

Command Line: --add-opens=java.base/java.lang=ALL-UNNAMED --add-opens=java.base/java.lang.invoke=ALL-UNNAMED --add-opens=java.base/java.util=ALL-UNNAMED --add-opens=java.prefs/java.util.prefs=ALL-UNNAMED --add-exports=jdk.compiler/com.sun.tools.javac.api=ALL-UNNAMED --add-exports=jdk.compiler/com.sun.tools.javac.util=ALL-UNNAMED --add-opens=java.base/java.util=ALL-UNNAMED --add-opens=java.prefs/java.util.prefs=ALL-UNNAMED --add-opens=java.base/java.nio.charset=ALL-UNNAMED --add-opens=java.base/java.net=ALL-UNNAMED --add-opens=java.base/java.util.concurrent.atomic=ALL-UNNAMED --add-opens=java.xml/javax.xml.namespace=ALL-UNNAMED -XX:MaxMetaspaceSize=2G -XX:+HeapDumpOnOutOfMemoryError -Xmx4G -Dfile.encoding=UTF-8 -Duser.country=US -Duser.language=en -Duser.variant -javaagent:C:\Users\HP\.gradle\wrapper\dists\gradle-8.14-all\c2qonpi39x1mddn7hk5gh9iqj\gradle-8.14\lib\agents\gradle-instrumentation-agent-8.14.jar org.gradle.launcher.daemon.bootstrap.GradleDaemon 8.14

Host: Intel(R) Core(TM) 5 120U, 12 cores, 7G,  Windows 11 , 64 bit Build 26100 (10.0.26100.9444)
Time: Mon Sep 28 10:35:06 2026 Sri Lanka Standard Time elapsed time: 12.535432 seconds (0d 0h 0m 12s)

---------------  T H R E A D  ---------------

Current thread (0x00000238a2ac5360):  JavaThread "C2 CompilerThread1" daemon [_thread_in_native, id=27960, stack(0x000000566b300000,0x000000566b400000) (1024K)]


Current CompileTask:
C2:12535 5583       4       groovyjarjarantlr4.v4.runtime.atn.PredictionContext::getCachedContext (297 bytes)

Stack: [0x000000566b300000,0x000000566b400000]
Native frames: (J=compiled Java code, j=interpreted, Vv=VM code, C=native code)
V  [jvm.dll+0x6e0c09]  (no source info available)
V  [jvm.dll+0x8c0e1b]  (no source info available)
V  [jvm.dll+0x8c33ad]  (no source info available)
V  [jvm.dll+0x8c3a83]  (no source info available)
V  [jvm.dll+0x28ac66]  (no source info available)
V  [jvm.dll+0xc91cd]  (no source info available)
V  [jvm.dll+0xc971c]  (no source info available)
V  [jvm.dll+0x3c896c]  (no source info available)
V  [jvm.dll+0x394f82]  (no source info available)
V  [jvm.dll+0x3943da]  (no source info available)
V  [jvm.dll+0x252840]  (no source info available)
V  [jvm.dll+0x251e6c]  (no source info available)
V  [jvm.dll+0x1d1c5f]  (no source info available)
V  [jvm.dll+0x261bda]  (no source info available)
V  [jvm.dll+0x25ff45]  (no source info available)
V  [jvm.dll+0x402695]  (no source info available)
V  [jvm.dll+0x86ba8d]  (no source info available)
V  [jvm.dll+0x6e21bd]  (no source info available)
C  [ucrtbase.dll+0x2cd30]  (no source info available)
C  [KERNEL32.DLL+0x2cd87]  (no source info available)
C  [ntdll.dll+0xacaec]  (no source info available)


---------------  P R O C E S S  ---------------

Threads class SMR info:
_java_thread_list=0x00000238a28bc140, length=37, elements={
0x000002383927df70, 0x0000023858401e50, 0x00000238584049c0, 0x0000023858409b10,
0x000002385840a920, 0x000002385840b4b0, 0x000002385840bf10, 0x0000023858410df0,
0x0000023858424860, 0x0000023858e77fd0, 0x0000023858eb8730, 0x000002389f62ebd0,
0x000002389f6d5b70, 0x000002389f724060, 0x000002389f72b3f0, 0x000002389f726780,
0x000002389f8394c0, 0x000002389f999140, 0x000002389f997070, 0x000002389f9997d0,
0x000002389f999e60, 0x000002389f998420, 0x000002389f997700, 0x000002389f99a4f0,
0x000002389f998ab0, 0x000002389fa7bfe0, 0x000002389fa7e0b0, 0x000002389fa7d390,
0x000002389fa7f460, 0x000002389fa7faf0, 0x000002389fa7edd0, 0x000002389fa7c670,
0x00000238a2ac5360, 0x000002389fa80180, 0x000002389fa7cd00, 0x000002389fa80810,
0x000002389fa80ea0
}

Java Threads: ( => current thread )
  0x000002383927df70 JavaThread "main"                              [_thread_blocked, id=13960, stack(0x0000005668100000,0x0000005668200000) (1024K)]
  0x0000023858401e50 JavaThread "Reference Handler"          daemon [_thread_blocked, id=14656, stack(0x0000005668900000,0x0000005668a00000) (1024K)]
  0x00000238584049c0 JavaThread "Finalizer"                  daemon [_thread_blocked, id=924, stack(0x0000005668a00000,0x0000005668b00000) (1024K)]
  0x0000023858409b10 JavaThread "Signal Dispatcher"          daemon [_thread_blocked, id=32300, stack(0x0000005668b00000,0x0000005668c00000) (1024K)]
  0x000002385840a920 JavaThread "Attach Listener"            daemon [_thread_blocked, id=24068, stack(0x0000005668c00000,0x0000005668d00000) (1024K)]
  0x000002385840b4b0 JavaThread "Service Thread"             daemon [_thread_blocked, id=22668, stack(0x0000005668d00000,0x0000005668e00000) (1024K)]
  0x000002385840bf10 JavaThread "Monitor Deflation Thread"   daemon [_thread_blocked, id=23600, stack(0x0000005668e00000,0x0000005668f00000) (1024K)]
  0x0000023858410df0 JavaThread "C2 CompilerThread0"         daemon [_thread_in_native, id=20128, stack(0x0000005668f00000,0x0000005669000000) (1024K)]
  0x0000023858424860 JavaThread "C1 CompilerThread0"         daemon [_thread_blocked, id=32380, stack(0x0000005669000000,0x0000005669100000) (1024K)]
  0x0000023858e77fd0 JavaThread "Common-Cleaner"             daemon [_thread_blocked, id=6976, stack(0x0000005669100000,0x0000005669200000) (1024K)]
  0x0000023858eb8730 JavaThread "Notification Thread"        daemon [_thread_blocked, id=26964, stack(0x0000005669200000,0x0000005669300000) (1024K)]
  0x000002389f62ebd0 JavaThread "Daemon health stats"               [_thread_blocked, id=27840, stack(0x0000005669700000,0x0000005669800000) (1024K)]
  0x000002389f6d5b70 JavaThread "Incoming local TCP Connector on port 49678"        [_thread_in_native, id=31256, stack(0x0000005669d00000,0x0000005669e00000) (1024K)]
  0x000002389f724060 JavaThread "Daemon periodic checks"            [_thread_blocked, id=4932, stack(0x0000005669e00000,0x0000005669f00000) (1024K)]
  0x000002389f72b3f0 JavaThread "Daemon"                            [_thread_blocked, id=31708, stack(0x0000005669f00000,0x000000566a000000) (1024K)]
  0x000002389f726780 JavaThread "Handler for socket connection from /127.0.0.1:49678 to /127.0.0.1:49680"        [_thread_in_native, id=24828, stack(0x000000566a000000,0x000000566a100000) (1024K)]
  0x000002389f8394c0 JavaThread "Cancel handler"                    [_thread_blocked, id=21096, stack(0x000000566a100000,0x000000566a200000) (1024K)]
  0x000002389f999140 JavaThread "Daemon worker"                     [_thread_in_Java, id=20812, stack(0x000000566a200000,0x000000566a300000) (1024K)]
  0x000002389f997070 JavaThread "Asynchronous log dispatcher for DefaultDaemonConnection: socket connection from /127.0.0.1:49678 to /127.0.0.1:49680"        [_thread_blocked, id=33508, stack(0x000000566a300000,0x000000566a400000) (1024K)]
  0x000002389f9997d0 JavaThread "Stdin handler"                     [_thread_blocked, id=16496, stack(0x000000566a400000,0x000000566a500000) (1024K)]
  0x000002389f999e60 JavaThread "Daemon client event forwarder"        [_thread_blocked, id=21040, stack(0x000000566a500000,0x000000566a600000) (1024K)]
  0x000002389f998420 JavaThread "Cache worker for journal cache (C:\Users\HP\.gradle\caches\journal-1)"        [_thread_blocked, id=9496, stack(0x000000566a600000,0x000000566a700000) (1024K)]
  0x000002389f997700 JavaThread "File lock request listener"        [_thread_in_native, id=34768, stack(0x000000566a700000,0x000000566a800000) (1024K)]
  0x000002389f99a4f0 JavaThread "File lock release action executor"        [_thread_blocked, id=5176, stack(0x000000566a800000,0x000000566a900000) (1024K)]
  0x000002389f998ab0 JavaThread "Cache worker for file hash cache (C:\Users\HP\.gradle\caches\8.14\fileHashes)"        [_thread_blocked, id=1128, stack(0x000000566a900000,0x000000566aa00000) (1024K)]
  0x000002389fa7bfe0 JavaThread "Cache worker for file hash cache (C:\Users\HP\Downloads\Agentic-AI-Travel-Advisor-main\Agentic-AI-Travel-Advisor\mobile-app\android\.gradle\8.14\fileHashes)"        [_thread_blocked, id=21368, stack(0x000000566ad00000,0x000000566ae00000) (1024K)]
  0x000002389fa7e0b0 JavaThread "Cache worker for Build Output Cleanup Cache (C:\Users\HP\Downloads\Agentic-AI-Travel-Advisor-main\Agentic-AI-Travel-Advisor\mobile-app\android\.gradle\buildOutputCleanup)"        [_thread_blocked, id=33656, stack(0x000000566ae00000,0x000000566af00000) (1024K)]
  0x000002389fa7d390 JavaThread "File watcher server"        daemon [_thread_in_native, id=15932, stack(0x000000566af00000,0x000000566b000000) (1024K)]
  0x000002389fa7f460 JavaThread "File watcher consumer"      daemon [_thread_blocked, id=11304, stack(0x000000566b000000,0x000000566b100000) (1024K)]
  0x000002389fa7faf0 JavaThread "jar transforms"                    [_thread_blocked, id=33748, stack(0x000000566aa00000,0x000000566ab00000) (1024K)]
  0x000002389fa7edd0 JavaThread "jar transforms Thread 2"           [_thread_blocked, id=27900, stack(0x000000566b100000,0x000000566b200000) (1024K)]
  0x000002389fa7c670 JavaThread "jar transforms Thread 3"           [_thread_blocked, id=33868, stack(0x000000566b200000,0x000000566b300000) (1024K)]
=>0x00000238a2ac5360 JavaThread "C2 CompilerThread1"         daemon [_thread_in_native, id=27960, stack(0x000000566b300000,0x000000566b400000) (1024K)]
  0x000002389fa80180 JavaThread "jar transforms Thread 4"           [_thread_blocked, id=25472, stack(0x000000566b400000,0x000000566b500000) (1024K)]
  0x000002389fa7cd00 JavaThread "jar transforms Thread 5"           [_thread_blocked, id=29988, stack(0x000000566b500000,0x000000566b600000) (1024K)]
  0x000002389fa80810 JavaThread "Cache worker for checksums cache (C:\Users\HP\Downloads\Agentic-AI-Travel-Advisor-main\Agentic-AI-Travel-Advisor\mobile-app\android\.gradle\8.14\checksums)"        [_thread_blocked, id=19744, stack(0x000000566b600000,0x000000566b700000) (1024K)]
  0x000002389fa80ea0 JavaThread "Cache worker for file content cache (C:\Users\HP\.gradle\caches\8.14\fileContent)"        [_thread_blocked, id=19384, stack(0x000000566b700000,0x000000566b800000) (1024K)]
Total: 37

Other Threads:
  0x00000238583e9840 VMThread "VM Thread"                           [id=30252, stack(0x0000005668800000,0x0000005668900000) (1024K)]
  0x00000238583d7450 WatcherThread "VM Periodic Task Thread"        [id=24740, stack(0x0000005668700000,0x0000005668800000) (1024K)]
  0x00000238392e6100 WorkerThread "GC Thread#0"                     [id=19816, stack(0x0000005668200000,0x0000005668300000) (1024K)]
  0x0000023858f3bd70 WorkerThread "GC Thread#1"                     [id=27672, stack(0x0000005669300000,0x0000005669400000) (1024K)]
  0x0000023858f4e320 WorkerThread "GC Thread#2"                     [id=3572, stack(0x0000005669400000,0x0000005669500000) (1024K)]
  0x000002389eb274c0 WorkerThread "GC Thread#3"                     [id=2844, stack(0x0000005669500000,0x0000005669600000) (1024K)]
  0x000002389e926370 WorkerThread "GC Thread#4"                     [id=5316, stack(0x0000005669600000,0x0000005669700000) (1024K)]
  0x000002389f59c760 WorkerThread "GC Thread#5"                     [id=5540, stack(0x0000005669800000,0x0000005669900000) (1024K)]
  0x000002389f64ec30 WorkerThread "GC Thread#6"                     [id=21192, stack(0x0000005669900000,0x0000005669a00000) (1024K)]
  0x000002389f6dc920 WorkerThread "GC Thread#7"                     [id=20100, stack(0x0000005669a00000,0x0000005669b00000) (1024K)]
  0x000002389f6dccd0 WorkerThread "GC Thread#8"                     [id=13348, stack(0x0000005669b00000,0x0000005669c00000) (1024K)]
  0x000002389f6deaa0 WorkerThread "GC Thread#9"                     [id=32596, stack(0x0000005669c00000,0x0000005669d00000) (1024K)]
  0x00000238392f7e80 ConcurrentGCThread "G1 Main Marker"            [id=26596, stack(0x0000005668300000,0x0000005668400000) (1024K)]
  0x00000238392f9040 WorkerThread "G1 Conc#0"                       [id=10920, stack(0x0000005668400000,0x0000005668500000) (1024K)]
  0x00000238a247baf0 WorkerThread "G1 Conc#1"                       [id=10428, stack(0x000000566ab00000,0x000000566ac00000) (1024K)]
  0x00000238a247c9b0 WorkerThread "G1 Conc#2"                       [id=14008, stack(0x000000566ac00000,0x000000566ad00000) (1024K)]
  0x000002383933b2b0 ConcurrentGCThread "G1 Refine#0"               [id=29260, stack(0x0000005668500000,0x0000005668600000) (1024K)]
  0x000002383933cbf0 ConcurrentGCThread "G1 Service"                [id=23212, stack(0x0000005668600000,0x0000005668700000) (1024K)]
Total: 18

Threads with active compile tasks:
C2 CompilerThread0  12572 5584       4       groovyjarjarantlr4.v4.runtime.atn.PredictionContext::join (569 bytes)
C2 CompilerThread1  12572 5583       4       groovyjarjarantlr4.v4.runtime.atn.PredictionContext::getCachedContext (297 bytes)
Total: 2

VM state: not at safepoint (normal execution)

VM Mutex/Monitor currently owned by a thread: None

Heap address: 0x0000000700000000, size: 4096 MB, Compressed Oops mode: Zero based, Oop shift amount: 3

CDS archive(s) mapped at: [0x0000023859000000-0x0000023859c80000-0x0000023859c80000), size 13107200, SharedBaseAddress: 0x0000023859000000, ArchiveRelocationMode: 1.
Compressed class space mapped at: 0x000002385a000000-0x000002389a000000, reserved size: 1073741824
Narrow klass base: 0x0000023859000000, Narrow klass shift: 0, Narrow klass range: 0x100000000

GC Precious Log:
 CardTable entry size: 512
 Card Set container configuration: InlinePtr #cards 4 size 8 Array Of Cards #cards 16 size 48 Howl #buckets 8 coarsen threshold 3686 Howl Bitmap #cards 512 size 80 coarsen threshold 460 Card regions per heap region 1 cards per card region 4096
 CPUs: 12 total, 12 available
 Memory: 7832M
 Large Page Support: Disabled
 NUMA Support: Disabled
 Compressed Oops: Enabled (Zero based)
 Heap Region Size: 2M
 Heap Min Capacity: 8M
 Heap Initial Capacity: 124M
 Heap Max Capacity: 4G
 Pre-touch: Disabled
 Parallel Workers: 10
 Concurrent Workers: 3
 Concurrent Refinement Workers: 10
 Periodic GC: Disabled

Heap:
 garbage-first heap   total 102400K, used 57885K [0x0000000700000000, 0x0000000800000000)
  region size 2048K, 13 young (26624K), 4 survivors (8192K)
 Metaspace       used 44642K, committed 45760K, reserved 1114112K
  class space    used 6227K, committed 6784K, reserved 1048576K

Heap Regions: E=young(eden), S=young(survivor), O=old, HS=humongous(starts), HC=humongous(continues), CS=collection set, F=free, TAMS=top-at-mark-start, PB=parsable bottom
|   0|0x0000000700000000, 0x0000000700200000, 0x0000000700200000|100%|HS|  |TAMS 0x0000000700000000| PB 0x0000000700000000| Complete 
|   1|0x0000000700200000, 0x0000000700400000, 0x0000000700400000|100%|HC|  |TAMS 0x0000000700200000| PB 0x0000000700200000| Complete 
|   2|0x0000000700400000, 0x0000000700600000, 0x0000000700600000|100%| O|  |TAMS 0x0000000700400000| PB 0x0000000700400000| Untracked 
|   3|0x0000000700600000, 0x0000000700800000, 0x0000000700800000|100%| O|  |TAMS 0x0000000700600000| PB 0x0000000700600000| Untracked 
|   4|0x0000000700800000, 0x0000000700a00000, 0x0000000700a00000|100%| O|  |TAMS 0x0000000700800000| PB 0x0000000700800000| Untracked 
|   5|0x0000000700a00000, 0x0000000700c00000, 0x0000000700c00000|100%| O|  |TAMS 0x0000000700a00000| PB 0x0000000700a00000| Untracked 
|   6|0x0000000700c00000, 0x0000000700e00000, 0x0000000700e00000|100%| O|  |TAMS 0x0000000700c00000| PB 0x0000000700c00000| Untracked 
|   7|0x0000000700e00000, 0x0000000701000000, 0x0000000701000000|100%| O|  |TAMS 0x0000000700e00000| PB 0x0000000700e00000| Untracked 
|   8|0x0000000701000000, 0x0000000701200000, 0x0000000701200000|100%| O|  |TAMS 0x0000000701000000| PB 0x0000000701000000| Untracked 
|   9|0x0000000701200000, 0x0000000701400000, 0x0000000701400000|100%|HS|  |TAMS 0x0000000701200000| PB 0x0000000701200000| Complete 
|  10|0x0000000701400000, 0x0000000701600000, 0x0000000701600000|100%| O|  |TAMS 0x0000000701400000| PB 0x0000000701400000| Untracked 
|  11|0x0000000701600000, 0x0000000701800000, 0x0000000701800000|100%| O|  |TAMS 0x0000000701600000| PB 0x0000000701600000| Untracked 
|  12|0x0000000701800000, 0x0000000701a00000, 0x0000000701a00000|100%| O|  |TAMS 0x0000000701800000| PB 0x0000000701800000| Untracked 
|  13|0x0000000701a00000, 0x0000000701c00000, 0x0000000701c00000|100%| O|Cm|TAMS 0x0000000701a00000| PB 0x0000000701a00000| Complete 
|  14|0x0000000701c00000, 0x0000000701c87620, 0x0000000701e00000| 26%| O|  |TAMS 0x0000000701c00000| PB 0x0000000701c00000| Untracked 
|  15|0x0000000701e00000, 0x0000000702000000, 0x0000000702000000|100%|HS|  |TAMS 0x0000000701e00000| PB 0x0000000701e00000| Complete 
|  16|0x0000000702000000, 0x0000000702000000, 0x0000000702200000|  0%| F|  |TAMS 0x0000000702000000| PB 0x0000000702000000| Untracked 
|  17|0x0000000702200000, 0x0000000702400000, 0x0000000702400000|100%| S|CS|TAMS 0x0000000702200000| PB 0x0000000702200000| Complete 
|  18|0x0000000702400000, 0x0000000702600000, 0x0000000702600000|100%| S|CS|TAMS 0x0000000702400000| PB 0x0000000702400000| Complete 
|  19|0x0000000702600000, 0x0000000702800000, 0x0000000702800000|100%| S|CS|TAMS 0x0000000702600000| PB 0x0000000702600000| Complete 
|  20|0x0000000702800000, 0x0000000702a00000, 0x0000000702a00000|100%| S|CS|TAMS 0x0000000702800000| PB 0x0000000702800000| Complete 
|  21|0x0000000702a00000, 0x0000000702a00000, 0x0000000702c00000|  0%| F|  |TAMS 0x0000000702a00000| PB 0x0000000702a00000| Untracked 
|  22|0x0000000702c00000, 0x0000000702c00000, 0x0000000702e00000|  0%| F|  |TAMS 0x0000000702c00000| PB 0x0000000702c00000| Untracked 
|  23|0x0000000702e00000, 0x0000000702e00000, 0x0000000703000000|  0%| F|  |TAMS 0x0000000702e00000| PB 0x0000000702e00000| Untracked 
|  24|0x0000000703000000, 0x0000000703000000, 0x0000000703200000|  0%| F|  |TAMS 0x0000000703000000| PB 0x0000000703000000| Untracked 
|  25|0x0000000703200000, 0x0000000703200000, 0x0000000703400000|  0%| F|  |TAMS 0x0000000703200000| PB 0x0000000703200000| Untracked 
|  26|0x0000000703400000, 0x0000000703400000, 0x0000000703600000|  0%| F|  |TAMS 0x0000000703400000| PB 0x0000000703400000| Untracked 
|  27|0x0000000703600000, 0x0000000703600000, 0x0000000703800000|  0%| F|  |TAMS 0x0000000703600000| PB 0x0000000703600000| Untracked 
|  28|0x0000000703800000, 0x0000000703800000, 0x0000000703a00000|  0%| F|  |TAMS 0x0000000703800000| PB 0x0000000703800000| Untracked 
|  29|0x0000000703a00000, 0x0000000703a00000, 0x0000000703c00000|  0%| F|  |TAMS 0x0000000703a00000| PB 0x0000000703a00000| Untracked 
|  30|0x0000000703c00000, 0x0000000703c00000, 0x0000000703e00000|  0%| F|  |TAMS 0x0000000703c00000| PB 0x0000000703c00000| Untracked 
|  31|0x0000000703e00000, 0x0000000703e00000, 0x0000000704000000|  0%| F|  |TAMS 0x0000000703e00000| PB 0x0000000703e00000| Untracked 
|  32|0x0000000704000000, 0x0000000704000000, 0x0000000704200000|  0%| F|  |TAMS 0x0000000704000000| PB 0x0000000704000000| Untracked 
|  33|0x0000000704200000, 0x0000000704200000, 0x0000000704400000|  0%| F|  |TAMS 0x0000000704200000| PB 0x0000000704200000| Untracked 
|  34|0x0000000704400000, 0x0000000704400000, 0x0000000704600000|  0%| F|  |TAMS 0x0000000704400000| PB 0x0000000704400000| Untracked 
|  35|0x0000000704600000, 0x0000000704600000, 0x0000000704800000|  0%| F|  |TAMS 0x0000000704600000| PB 0x0000000704600000| Untracked 
|  36|0x0000000704800000, 0x0000000704800000, 0x0000000704a00000|  0%| F|  |TAMS 0x0000000704800000| PB 0x0000000704800000| Untracked 
|  37|0x0000000704a00000, 0x0000000704a00000, 0x0000000704c00000|  0%| F|  |TAMS 0x0000000704a00000| PB 0x0000000704a00000| Untracked 
|  38|0x0000000704c00000, 0x0000000704c00000, 0x0000000704e00000|  0%| F|  |TAMS 0x0000000704c00000| PB 0x0000000704c00000| Untracked 
|  39|0x0000000704e00000, 0x0000000704e00000, 0x0000000705000000|  0%| F|  |TAMS 0x0000000704e00000| PB 0x0000000704e00000| Untracked 
|  40|0x0000000705000000, 0x00000007050d2620, 0x0000000705200000| 41%| E|  |TAMS 0x0000000705000000| PB 0x0000000705000000| Complete 
|  41|0x0000000705200000, 0x0000000705400000, 0x0000000705400000|100%| E|CS|TAMS 0x0000000705200000| PB 0x0000000705200000| Complete 
|  42|0x0000000705400000, 0x0000000705600000, 0x0000000705600000|100%| E|CS|TAMS 0x0000000705400000| PB 0x0000000705400000| Complete 
|  43|0x0000000705600000, 0x0000000705800000, 0x0000000705800000|100%| E|CS|TAMS 0x0000000705600000| PB 0x0000000705600000| Complete 
|  44|0x0000000705800000, 0x0000000705a00000, 0x0000000705a00000|100%| E|CS|TAMS 0x0000000705800000| PB 0x0000000705800000| Complete 
|  54|0x0000000706c00000, 0x0000000706e00000, 0x0000000706e00000|100%| E|CS|TAMS 0x0000000706c00000| PB 0x0000000706c00000| Complete 
|  55|0x0000000706e00000, 0x0000000707000000, 0x0000000707000000|100%| E|CS|TAMS 0x0000000706e00000| PB 0x0000000706e00000| Complete 
|  56|0x0000000707000000, 0x0000000707200000, 0x0000000707200000|100%| E|CS|TAMS 0x0000000707000000| PB 0x0000000707000000| Complete 
|  61|0x0000000707a00000, 0x0000000707c00000, 0x0000000707c00000|100%| E|CS|TAMS 0x0000000707a00000| PB 0x0000000707a00000| Complete 
|2047|0x00000007ffe00000, 0x0000000800000000, 0x0000000800000000|100%| O|  |TAMS 0x00000007ffe00000| PB 0x00000007ffe00000| Untracked 

Card table byte_map: [0x0000023851700000,0x0000023851f00000] _byte_map_base: 0x000002384df00000

Marking Bits: (CMBitMap*) 0x00000238392e6720
 Bits: [0x0000023851f00000, 0x0000023855f00000)

Polling page: 0x00000238372a0000

Metaspace:

Usage:
  Non-class:     37.52 MB used.
      Class:      6.08 MB used.
       Both:     43.60 MB used.

Virtual space:
  Non-class space:       64.00 MB reserved,      38.06 MB ( 59%) committed,  1 nodes.
      Class space:        1.00 GB reserved,       6.62 MB ( <1%) committed,  1 nodes.
             Both:        1.06 GB reserved,      44.69 MB (  4%) committed. 

Chunk freelists:
   Non-Class:  9.98 MB
       Class:  9.30 MB
        Both:  19.28 MB

MaxMetaspaceSize: 2.00 GB
CompressedClassSpaceSize: 1.00 GB
Initial GC threshold: 21.00 MB
Current GC threshold: 59.00 MB
CDS: on
 - commit_granule_bytes: 65536.
 - commit_granule_words: 8192.
 - virtual_space_node_default_size: 8388608.
 - enlarge_chunks_in_place: 1.
 - use_allocation_guard: 0.


Internal statistics:

num_allocs_failed_limit: 6.
num_arena_births: 1832.
num_arena_deaths: 0.
num_vsnodes_births: 2.
num_vsnodes_deaths: 0.
num_space_committed: 715.
num_space_uncommitted: 0.
num_chunks_returned_to_freelist: 6.
num_chunks_taken_from_freelist: 3668.
num_chunk_merges: 6.
num_chunk_splits: 2382.
num_chunks_enlarged: 1515.
num_inconsistent_stats: 0.

CodeHeap 'non-profiled nmethods': size=120000Kb used=3087Kb max_used=3087Kb free=116912Kb
 bounds [0x0000023849480000, 0x0000023849790000, 0x00000238509b0000]
CodeHeap 'profiled nmethods': size=120000Kb used=10287Kb max_used=10287Kb free=109712Kb
 bounds [0x00000238419b0000, 0x00000238423c0000, 0x0000023848ee0000]
CodeHeap 'non-nmethods': size=5760Kb used=2580Kb max_used=2617Kb free=3179Kb
 bounds [0x0000023848ee0000, 0x0000023849170000, 0x0000023849480000]
CodeCache: size=245760Kb, used=15954Kb, max_used=15991Kb, free=229803Kb
 total_blobs=5968, nmethods=5116, adapters=756, full_count=0
Compilation: enabled, stopped_count=0, restarted_count=0

Compilation events (20 events):
Event: 12.516 Thread 0x0000023858424860 5605       3       groovyjarjarantlr4.v4.runtime.atn.LexerATNSimulator::addDFAState (220 bytes)
Event: 12.518 Thread 0x0000023858424860 nmethod 5605 0x00000238423a9d90 code [0x00000238423aa100, 0x00000238423aba40]
Event: 12.519 Thread 0x0000023858424860 5604       3       groovyjarjarantlr4.v4.runtime.BufferedTokenStream::fetch (89 bytes)
Event: 12.519 Thread 0x0000023858424860 nmethod 5604 0x00000238423ac390 code [0x00000238423ac5c0, 0x00000238423ace20]
Event: 12.520 Thread 0x0000023858424860 5607       3       groovyjarjarantlr4.v4.runtime.atn.LexerATNSimulator::failOrAccept (86 bytes)
Event: 12.520 Thread 0x0000023858424860 nmethod 5607 0x00000238423ad090 code [0x00000238423ad2a0, 0x00000238423ad900]
Event: 12.520 Thread 0x0000023858424860 5608       3       groovyjarjarantlr4.v4.runtime.dfa.DFAState::getLexerActionExecutor (17 bytes)
Event: 12.521 Thread 0x0000023858424860 nmethod 5608 0x00000238423adb90 code [0x00000238423add40, 0x00000238423aded8]
Event: 12.521 Thread 0x0000023858424860 5609       3       groovyjarjarantlr4.v4.runtime.atn.LexerATNSimulator::accept (42 bytes)
Event: 12.521 Thread 0x0000023858424860 nmethod 5609 0x00000238423adf90 code [0x00000238423ae140, 0x00000238423ae3e8]
Event: 12.521 Thread 0x0000023858424860 5610       1       groovyjarjarantlr4.v4.runtime.atn.LexerSkipAction::isPositionDependent (2 bytes)
Event: 12.521 Thread 0x0000023858424860 nmethod 5610 0x0000023849783710 code [0x00000238497838a0, 0x0000023849783968]
Event: 12.523 Thread 0x0000023858424860 5613       3       java.util.Arrays::sort (47 bytes)
Event: 12.523 Thread 0x0000023858424860 nmethod 5613 0x00000238423ae510 code [0x00000238423ae6e0, 0x00000238423ae928]
Event: 12.523 Thread 0x0000023858424860 5614       3       java.util.ArrayList::sort (45 bytes)
Event: 12.524 Thread 0x0000023858424860 nmethod 5614 0x00000238423aea10 code [0x00000238423aebe0, 0x00000238423aee60]
Event: 12.524 Thread 0x0000023858424860 5615       3       java.util.concurrent.atomic.AtomicIntegerArray::<init> (12 bytes)
Event: 12.524 Thread 0x0000023858424860 nmethod 5615 0x00000238423aef90 code [0x00000238423af140, 0x00000238423af3a8]
Event: 12.528 Thread 0x0000023858424860 5616       3       java.io.DataOutputStream::<init> (19 bytes)
Event: 12.528 Thread 0x0000023858424860 nmethod 5616 0x00000238423af490 code [0x00000238423af660, 0x00000238423afb38]

GC Heap History (18 events):
Event: 0.471 GC heap before
{Heap before GC invocations=0 (full 0):
 garbage-first heap   total 126976K, used 22528K [0x0000000700000000, 0x0000000800000000)
  region size 2048K, 11 young (22528K), 0 survivors (0K)
 Metaspace       used 896K, committed 1024K, reserved 1114112K
  class space    used 71K, committed 128K, reserved 1048576K
}
Event: 0.477 GC heap after
{Heap after GC invocations=1 (full 0):
 garbage-first heap   total 126976K, used 1632K [0x0000000700000000, 0x0000000800000000)
  region size 2048K, 1 young (2048K), 1 survivors (2048K)
 Metaspace       used 896K, committed 1024K, reserved 1114112K
  class space    used 71K, committed 128K, reserved 1048576K
}
Event: 1.556 GC heap before
{Heap before GC invocations=1 (full 0):
 garbage-first heap   total 126976K, used 44640K [0x0000000700000000, 0x0000000800000000)
  region size 2048K, 21 young (43008K), 1 survivors (2048K)
 Metaspace       used 4429K, committed 4608K, reserved 1114112K
  class space    used 558K, committed 640K, reserved 1048576K
}
Event: 1.565 GC heap after
{Heap after GC invocations=2 (full 0):
 garbage-first heap   total 126976K, used 11879K [0x0000000700000000, 0x0000000800000000)
  region size 2048K, 3 young (6144K), 3 survivors (6144K)
 Metaspace       used 4429K, committed 4608K, reserved 1114112K
  class space    used 558K, committed 640K, reserved 1048576K
}
Event: 3.168 GC heap before
{Heap before GC invocations=2 (full 0):
 garbage-first heap   total 126976K, used 69223K [0x0000000700000000, 0x0000000800000000)
  region size 2048K, 31 young (63488K), 3 survivors (6144K)
 Metaspace       used 8405K, committed 8704K, reserved 1114112K
  class space    used 1130K, committed 1280K, reserved 1048576K
}
Event: 3.250 GC heap after
{Heap after GC invocations=3 (full 0):
 garbage-first heap   total 126976K, used 19329K [0x0000000700000000, 0x0000000800000000)
  region size 2048K, 4 young (8192K), 4 survivors (8192K)
 Metaspace       used 8405K, committed 8704K, reserved 1114112K
  class space    used 1130K, committed 1280K, reserved 1048576K
}
Event: 5.971 GC heap before
{Heap before GC invocations=3 (full 0):
 garbage-first heap   total 126976K, used 86913K [0x0000000700000000, 0x0000000800000000)
  region size 2048K, 37 young (75776K), 4 survivors (8192K)
 Metaspace       used 19919K, committed 20608K, reserved 1114112K
  class space    used 2872K, committed 3200K, reserved 1048576K
}
Event: 5.978 GC heap after
{Heap after GC invocations=4 (full 0):
 garbage-first heap   total 126976K, used 23727K [0x0000000700000000, 0x0000000800000000)
  region size 2048K, 3 young (6144K), 3 survivors (6144K)
 Metaspace       used 19919K, committed 20608K, reserved 1114112K
  class space    used 2872K, committed 3200K, reserved 1048576K
}
Event: 6.277 GC heap before
{Heap before GC invocations=4 (full 0):
 garbage-first heap   total 126976K, used 31919K [0x0000000700000000, 0x0000000800000000)
  region size 2048K, 8 young (16384K), 3 survivors (6144K)
 Metaspace       used 20866K, committed 21504K, reserved 1114112K
  class space    used 3033K, committed 3328K, reserved 1048576K
}
Event: 6.281 GC heap after
{Heap after GC invocations=5 (full 0):
 garbage-first heap   total 126976K, used 24201K [0x0000000700000000, 0x0000000800000000)
  region size 2048K, 3 young (6144K), 3 survivors (6144K)
 Metaspace       used 20866K, committed 21504K, reserved 1114112K
  class space    used 3033K, committed 3328K, reserved 1048576K
}
Event: 8.334 GC heap before
{Heap before GC invocations=6 (full 0):
 garbage-first heap   total 90112K, used 87689K [0x0000000700000000, 0x0000000800000000)
  region size 2048K, 34 young (69632K), 3 survivors (6144K)
 Metaspace       used 28807K, committed 29824K, reserved 1114112K
  class space    used 4242K, committed 4736K, reserved 1048576K
}
Event: 8.342 GC heap after
{Heap after GC invocations=7 (full 0):
 garbage-first heap   total 102400K, used 28918K [0x0000000700000000, 0x0000000800000000)
  region size 2048K, 5 young (10240K), 5 survivors (10240K)
 Metaspace       used 28807K, committed 29824K, reserved 1114112K
  class space    used 4242K, committed 4736K, reserved 1048576K
}
Event: 9.310 GC heap before
{Heap before GC invocations=7 (full 0):
 garbage-first heap   total 102400K, used 78070K [0x0000000700000000, 0x0000000800000000)
  region size 2048K, 30 young (61440K), 5 survivors (10240K)
 Metaspace       used 34313K, committed 35328K, reserved 1114112K
  class space    used 4990K, committed 5504K, reserved 1048576K
}
Event: 9.319 GC heap after
{Heap after GC invocations=8 (full 0):
 garbage-first heap   total 102400K, used 33250K [0x0000000700000000, 0x0000000800000000)
  region size 2048K, 3 young (6144K), 3 survivors (6144K)
 Metaspace       used 34313K, committed 35328K, reserved 1114112K
  class space    used 4990K, committed 5504K, reserved 1048576K
}
Event: 9.825 GC heap before
{Heap before GC invocations=8 (full 0):
 garbage-first heap   total 102400K, used 55778K [0x0000000700000000, 0x0000000800000000)
  region size 2048K, 15 young (30720K), 3 survivors (6144K)
 Metaspace       used 35156K, committed 36096K, reserved 1114112K
  class space    used 5117K, committed 5568K, reserved 1048576K
}
Event: 9.829 GC heap after
{Heap after GC invocations=9 (full 0):
 garbage-first heap   total 102400K, used 32921K [0x0000000700000000, 0x0000000800000000)
  region size 2048K, 3 young (6144K), 3 survivors (6144K)
 Metaspace       used 35156K, committed 36096K, reserved 1114112K
  class space    used 5117K, committed 5568K, reserved 1048576K
}
Event: 12.213 GC heap before
{Heap before GC invocations=10 (full 0):
 garbage-first heap   total 102400K, used 84121K [0x0000000700000000, 0x0000000800000000)
  region size 2048K, 28 young (57344K), 3 survivors (6144K)
 Metaspace       used 43376K, committed 44416K, reserved 1114112K
  class space    used 6133K, committed 6656K, reserved 1048576K
}
Event: 12.220 GC heap after
{Heap after GC invocations=11 (full 0):
 garbage-first heap   total 102400K, used 37405K [0x0000000700000000, 0x0000000800000000)
  region size 2048K, 4 young (8192K), 4 survivors (8192K)
 Metaspace       used 43376K, committed 44416K, reserved 1114112K
  class space    used 6133K, committed 6656K, reserved 1048576K
}

Dll operation events (20 events):
Event: 0.149 Attempting to load shared library C:\Program Files\Microsoft\jdk-21.0.12.101-hotspot\bin\nio.dll
Event: 0.152 Loaded shared library C:\Program Files\Microsoft\jdk-21.0.12.101-hotspot\bin\nio.dll
Event: 0.157 Attempting to load shared library C:\Program Files\Microsoft\jdk-21.0.12.101-hotspot\bin\zip.dll
Event: 0.157 Loaded shared library C:\Program Files\Microsoft\jdk-21.0.12.101-hotspot\bin\zip.dll
Event: 0.479 Attempting to load shared library C:\Program Files\Microsoft\jdk-21.0.12.101-hotspot\bin\jimage.dll
Event: 0.479 Loaded shared library C:\Program Files\Microsoft\jdk-21.0.12.101-hotspot\bin\jimage.dll
Event: 0.641 Attempting to load shared library C:\Program Files\Microsoft\jdk-21.0.12.101-hotspot\bin\verify.dll
Event: 0.642 Loaded shared library C:\Program Files\Microsoft\jdk-21.0.12.101-hotspot\bin\verify.dll
Event: 0.756 Attempting to load shared library C:\Users\HP\.gradle\native\1def1411415f61bf3af743bc5b6707747c0891f09f0c88961ee8f79bc544acac\windows-amd64\native-platform.dll
Event: 0.757 Loaded shared library C:\Users\HP\.gradle\native\1def1411415f61bf3af743bc5b6707747c0891f09f0c88961ee8f79bc544acac\windows-amd64\native-platform.dll
Event: 0.772 Attempting to load shared library C:\Users\HP\.gradle\native\0.2.7\x86_64-windows-gnu\gradle-fileevents.dll
Event: 0.773 Loaded shared library C:\Users\HP\.gradle\native\0.2.7\x86_64-windows-gnu\gradle-fileevents.dll
Event: 2.549 Attempting to load shared library C:\Program Files\Microsoft\jdk-21.0.12.101-hotspot\bin\management.dll
Event: 2.556 Loaded shared library C:\Program Files\Microsoft\jdk-21.0.12.101-hotspot\bin\management.dll
Event: 2.562 Attempting to load shared library C:\Program Files\Microsoft\jdk-21.0.12.101-hotspot\bin\management_ext.dll
Event: 2.567 Loaded shared library C:\Program Files\Microsoft\jdk-21.0.12.101-hotspot\bin\management_ext.dll
Event: 2.999 Attempting to load shared library C:\Program Files\Microsoft\jdk-21.0.12.101-hotspot\bin\extnet.dll
Event: 3.004 Loaded shared library C:\Program Files\Microsoft\jdk-21.0.12.101-hotspot\bin\extnet.dll
Event: 3.625 Attempting to load shared library C:\Program Files\Microsoft\jdk-21.0.12.101-hotspot\bin\sunmscapi.dll
Event: 3.630 Loaded shared library C:\Program Files\Microsoft\jdk-21.0.12.101-hotspot\bin\sunmscapi.dll

Deoptimization events (20 events):
Event: 12.485 Thread 0x000002389f999140 DEOPT PACKING pc=0x00000238494ca404 sp=0x000000566a2f5f50
Event: 12.485 Thread 0x000002389f999140 DEOPT UNPACKING pc=0x0000023848f34422 sp=0x000000566a2f5e20 mode 2
Event: 12.485 Thread 0x000002389f999140 Uncommon trap: trap_request=0xffffff45 fr.pc=0x000002384950aae0 relative=0x0000000000000300
Event: 12.485 Thread 0x000002389f999140 Uncommon trap: reason=unstable_if action=reinterpret pc=0x000002384950aae0 method=groovyjarjarantlr4.v4.runtime.atn.ATNConfig.checkNonGreedyDecision(Lgroovyjarjarantlr4/v4/runtime/atn/ATNConfig;Lgroovyjarjarantlr4/v4/runtime/atn/ATNState;)Z @ 4 c2
Event: 12.485 Thread 0x000002389f999140 DEOPT PACKING pc=0x000002384950aae0 sp=0x000000566a2f5dd0
Event: 12.485 Thread 0x000002389f999140 DEOPT UNPACKING pc=0x0000023848f34422 sp=0x000000566a2f5d40 mode 2
Event: 12.485 Thread 0x000002389f999140 Uncommon trap: trap_request=0xffffff45 fr.pc=0x00000238494f59bc relative=0x00000000000002fc
Event: 12.485 Thread 0x000002389f999140 Uncommon trap: reason=unstable_if action=reinterpret pc=0x00000238494f59bc method=groovyjarjarantlr4.v4.runtime.atn.ATNConfig.hashCode()I @ 67 c2
Event: 12.485 Thread 0x000002389f999140 DEOPT PACKING pc=0x00000238494f59bc sp=0x000000566a2f5d50
Event: 12.485 Thread 0x000002389f999140 DEOPT UNPACKING pc=0x0000023848f34422 sp=0x000000566a2f5cd8 mode 2
Event: 12.489 Thread 0x000002389f999140 Uncommon trap: trap_request=0xffffff76 fr.pc=0x00000238496e48c4 relative=0x0000000000002124
Event: 12.489 Thread 0x000002389f999140 Uncommon trap: reason=predicate action=maybe_recompile pc=0x00000238496e48c4 method=java.util.regex.Pattern.compile()V @ 78 c2
Event: 12.489 Thread 0x000002389f999140 DEOPT PACKING pc=0x00000238496e48c4 sp=0x000000566a2f5390
Event: 12.489 Thread 0x000002389f999140 DEOPT UNPACKING pc=0x0000023848f34422 sp=0x000000566a2f5370 mode 2
Event: 12.489 Thread 0x000002389f999140 Uncommon trap: trap_request=0xffffff45 fr.pc=0x0000023849519968 relative=0x00000000000000c8
Event: 12.489 Thread 0x000002389f999140 Uncommon trap: reason=unstable_if action=reinterpret pc=0x0000023849519968 method=java.lang.String.codePointAt(I)I @ 4 c2
Event: 12.489 Thread 0x000002389f999140 DEOPT PACKING pc=0x0000023849519968 sp=0x000000566a2f5370
Event: 12.489 Thread 0x000002389f999140 DEOPT UNPACKING pc=0x0000023848f34422 sp=0x000000566a2f5308 mode 2
Event: 12.499 Thread 0x000002389f999140 DEOPT PACKING pc=0x000002384224899b sp=0x000000566a2f6150
Event: 12.500 Thread 0x000002389f999140 DEOPT UNPACKING pc=0x0000023848f34bc2 sp=0x000000566a2f5650 mode 0

Classes loaded (20 events):
Event: 12.491 Loading class java/util/stream/ReferencePipeline$4
Event: 12.491 Loading class java/util/stream/ReferencePipeline$4 done
Event: 12.491 Loading class java/util/stream/SortedOps
Event: 12.492 Loading class java/util/stream/SortedOps done
Event: 12.492 Loading class java/util/stream/SortedOps$OfInt
Event: 12.492 Loading class java/util/stream/IntPipeline$StatefulOp
Event: 12.493 Loading class java/util/stream/IntPipeline$StatefulOp done
Event: 12.493 Loading class java/util/stream/SortedOps$OfInt done
Event: 12.494 Loading class java/util/stream/Nodes$IntFixedNodeBuilder
Event: 12.495 Loading class java/util/stream/Node$Builder$OfInt
Event: 12.495 Loading class java/util/stream/Node$Builder$OfInt done
Event: 12.495 Loading class java/util/stream/Nodes$IntArrayNode
Event: 12.496 Loading class java/util/stream/Nodes$IntArrayNode done
Event: 12.496 Loading class java/util/stream/Nodes$IntFixedNodeBuilder done
Event: 12.496 Loading class java/util/stream/SortedOps$SizedIntSortingSink
Event: 12.496 Loading class java/util/stream/SortedOps$AbstractIntSortingSink
Event: 12.497 Loading class java/util/stream/SortedOps$AbstractIntSortingSink done
Event: 12.497 Loading class java/util/stream/SortedOps$SizedIntSortingSink done
Event: 12.497 Loading class java/util/stream/ReferencePipeline$4$1
Event: 12.497 Loading class java/util/stream/ReferencePipeline$4$1 done

Classes unloaded (0 events):
No events

Classes redefined (0 events):
No events

Internal exceptions (20 events):
Event: 12.078 Thread 0x000002389f999140 Exception <a 'java/lang/ClassNotFoundException'{0x0000000702ca26a8}: groovy/lang/ScriptCustomizer> (0x0000000702ca26a8) 
thrown [s\src\hotspot\share\classfile\systemDictionary.cpp, line 313]
Event: 12.079 Thread 0x000002389f999140 Exception <a 'java/lang/ClassNotFoundException'{0x0000000702cb49b0}: org/gradle/groovy/scripts/ScriptCustomizer> (0x0000000702cb49b0) 
thrown [s\src\hotspot\share\classfile\systemDictionary.cpp, line 313]
Event: 12.079 Thread 0x000002389f999140 Exception <a 'java/lang/ClassNotFoundException'{0x0000000702cc53d0}: org/gradle/groovy/scripts/BasicScriptCustomizer> (0x0000000702cc53d0) 
thrown [s\src\hotspot\share\classfile\systemDictionary.cpp, line 313]
Event: 12.080 Thread 0x000002389f999140 Exception <a 'java/lang/ClassNotFoundException'{0x0000000702cdc740}: org/gradle/groovy/scripts/DefaultScriptCustomizer> (0x0000000702cdc740) 
thrown [s\src\hotspot\share\classfile\systemDictionary.cpp, line 313]
Event: 12.084 Thread 0x000002389f999140 Exception <a 'java/lang/ClassNotFoundException'{0x0000000702d20b10}: org/gradle/initialization/InitScriptCustomizer> (0x0000000702d20b10) 
thrown [s\src\hotspot\share\classfile\systemDictionary.cpp, line 313]
Event: 12.084 Thread 0x000002389f999140 Exception <a 'java/lang/ClassNotFoundException'{0x0000000702d300b8}: db3b08fc4a9ef609cb16b96b200fa1_a7jp6869f86px7ns0wun3vjyjCustomizer> (0x0000000702d300b8) 
thrown [s\src\hotspot\share\classfile\systemDictionary.cpp, line 313]
Event: 12.095 Thread 0x000002389f999140 Exception <a 'java/lang/ClassNotFoundException'{0x0000000702a05348}: org/gradle/internal/extensibility/DefaultExtraPropertiesExtensionBeanInfo> (0x0000000702a05348) 
thrown [s\src\hotspot\share\classfile\systemDictionary.cpp, line 313]
Event: 12.095 Thread 0x000002389f999140 Exception <a 'java/lang/ClassNotFoundException'{0x0000000702a0f640}: org/gradle/internal/extensibility/DefaultExtraPropertiesExtensionCustomizer> (0x0000000702a0f640) 
thrown [s\src\hotspot\share\classfile\systemDictionary.cpp, line 313]
Event: 12.197 Thread 0x000002389f999140 Exception <a 'java/lang/NoSuchMethodError'{0x0000000702b2bc98}: 'java.lang.Object java.lang.invoke.DirectMethodHandle$Holder.invokeSpecialIFC(java.lang.Object, java.lang.Object, java.lang.Object, java.lang.Object)'> (0x0000000702b2bc98) 
thrown [s\src\hotspot\share\interpreter\linkResolver.cpp, line 773]
Event: 12.282 Thread 0x000002389f999140 Exception <a 'java/lang/ClassNotFoundException'{0x00000007070abe30}: groovy/lang/Closure$1BeanInfo> (0x00000007070abe30) 
thrown [s\src\hotspot\share\classfile\systemDictionary.cpp, line 313]
Event: 12.283 Thread 0x000002389f999140 Exception <a 'java/lang/ClassNotFoundException'{0x00000007070bad38}: groovy/lang/ClosureBeanInfo> (0x00000007070bad38) 
thrown [s\src\hotspot\share\classfile\systemDictionary.cpp, line 313]
Event: 12.285 Thread 0x000002389f999140 Exception <a 'java/lang/ClassNotFoundException'{0x00000007070c9ba8}: groovy/lang/ClosureCustomizer> (0x00000007070c9ba8) 
thrown [s\src\hotspot\share\classfile\systemDictionary.cpp, line 313]
Event: 12.291 Thread 0x000002389f999140 Exception <a 'java/lang/ClassNotFoundException'{0x000000070714b780}: groovy/lang/Closure$1Customizer> (0x000000070714b780) 
thrown [s\src\hotspot\share\classfile\systemDictionary.cpp, line 313]
Event: 12.341 Thread 0x000002389f999140 Exception <a 'java/lang/NoSuchMethodError'{0x00000007071ea2f8}: 'void java.lang.invoke.Invokers$Holder.invoke_MT(java.lang.Object, java.lang.Object, java.lang.Object, java.lang.Object)'> (0x00000007071ea2f8) 
thrown [s\src\hotspot\share\interpreter\linkResolver.cpp, line 773]
Event: 12.379 Thread 0x000002389f999140 Exception <a 'java/lang/ClassNotFoundException'{0x0000000706d4e7b8}: org/gradle/invocation/DefaultGradle_DecoratedBeanInfo> (0x0000000706d4e7b8) 
thrown [s\src\hotspot\share\classfile\systemDictionary.cpp, line 313]
Event: 12.380 Thread 0x000002389f999140 Exception <a 'java/lang/ClassNotFoundException'{0x0000000706d5dc00}: org/gradle/invocation/DefaultGradleBeanInfo> (0x0000000706d5dc00) 
thrown [s\src\hotspot\share\classfile\systemDictionary.cpp, line 313]
Event: 12.380 Thread 0x000002389f999140 Exception <a 'java/lang/ClassNotFoundException'{0x0000000706d6d5e8}: org/gradle/api/internal/project/AbstractPluginAwareBeanInfo> (0x0000000706d6d5e8) 
thrown [s\src\hotspot\share\classfile\systemDictionary.cpp, line 313]
Event: 12.381 Thread 0x000002389f999140 Exception <a 'java/lang/ClassNotFoundException'{0x0000000706d7ce00}: org/gradle/api/internal/project/AbstractPluginAwareCustomizer> (0x0000000706d7ce00) 
thrown [s\src\hotspot\share\classfile\systemDictionary.cpp, line 313]
Event: 12.384 Thread 0x000002389f999140 Exception <a 'java/lang/ClassNotFoundException'{0x0000000706d92268}: org/gradle/invocation/DefaultGradleCustomizer> (0x0000000706d92268) 
thrown [s\src\hotspot\share\classfile\systemDictionary.cpp, line 313]
Event: 12.389 Thread 0x000002389f999140 Exception <a 'java/lang/ClassNotFoundException'{0x0000000706dd6090}: org/gradle/invocation/DefaultGradle_DecoratedCustomizer> (0x0000000706dd6090) 
thrown [s\src\hotspot\share\classfile\systemDictionary.cpp, line 313]

ZGC Phase Switch (0 events):
No events

VM Operations (20 events):
Event: 10.953 Executing non-safepoint VM operation: HandshakeAllThreads (Deoptimize)
Event: 10.954 Executing non-safepoint VM operation: HandshakeAllThreads (Deoptimize) done
Event: 10.954 Executing safepoint VM operation: Cleanup
Event: 10.954 Executing safepoint VM operation: Cleanup done
Event: 11.159 Executing non-safepoint VM operation: HandshakeAllThreads (Deoptimize)
Event: 11.159 Executing non-safepoint VM operation: HandshakeAllThreads (Deoptimize) done
Event: 11.173 Executing non-safepoint VM operation: HandshakeAllThreads (Deoptimize)
Event: 11.173 Executing non-safepoint VM operation: HandshakeAllThreads (Deoptimize) done
Event: 11.470 Executing non-safepoint VM operation: HandshakeAllThreads (Deoptimize)
Event: 11.470 Executing non-safepoint VM operation: HandshakeAllThreads (Deoptimize) done
Event: 11.545 Executing non-safepoint VM operation: HandshakeAllThreads (Deoptimize)
Event: 11.546 Executing non-safepoint VM operation: HandshakeAllThreads (Deoptimize) done
Event: 11.594 Executing non-safepoint VM operation: HandshakeAllThreads (Deoptimize)
Event: 11.594 Executing non-safepoint VM operation: HandshakeAllThreads (Deoptimize) done
Event: 11.873 Executing safepoint VM operation: ICBufferFull
Event: 11.873 Executing safepoint VM operation: ICBufferFull done
Event: 12.213 Executing safepoint VM operation: G1CollectForAllocation (G1 Evacuation Pause)
Event: 12.220 Executing safepoint VM operation: G1CollectForAllocation (G1 Evacuation Pause) done
Event: 12.494 Executing non-safepoint VM operation: HandshakeAllThreads (Deoptimize)
Event: 12.494 Executing non-safepoint VM operation: HandshakeAllThreads (Deoptimize) done

Memory protections (0 events):
No events

Nmethod flushes (20 events):
Event: 9.855 Thread 0x00000238583e9840 flushing  nmethod 0x0000023841b05010
Event: 9.855 Thread 0x00000238583e9840 flushing  nmethod 0x0000023841b2f790
Event: 9.855 Thread 0x00000238583e9840 flushing  nmethod 0x0000023841b2fe10
Event: 9.855 Thread 0x00000238583e9840 flushing  nmethod 0x0000023841b30a10
Event: 9.855 Thread 0x00000238583e9840 flushing  nmethod 0x0000023841b31310
Event: 9.855 Thread 0x00000238583e9840 flushing  nmethod 0x0000023841b32790
Event: 9.855 Thread 0x00000238583e9840 flushing  nmethod 0x0000023841b3b610
Event: 9.855 Thread 0x00000238583e9840 flushing  nmethod 0x0000023841b3ba90
Event: 9.855 Thread 0x00000238583e9840 flushing  nmethod 0x0000023841b3ce10
Event: 9.855 Thread 0x00000238583e9840 flushing  nmethod 0x0000023841b3e690
Event: 9.855 Thread 0x00000238583e9840 flushing  nmethod 0x0000023841b3f510
Event: 9.855 Thread 0x00000238583e9840 flushing  nmethod 0x0000023841c26290
Event: 9.855 Thread 0x00000238583e9840 flushing  nmethod 0x0000023841c6e090
Event: 9.855 Thread 0x00000238583e9840 flushing  nmethod 0x0000023841c71890
Event: 9.855 Thread 0x00000238583e9840 flushing  nmethod 0x0000023841c71c10
Event: 9.855 Thread 0x00000238583e9840 flushing  nmethod 0x0000023841c95390
Event: 9.855 Thread 0x00000238583e9840 flushing  nmethod 0x0000023841c97b90
Event: 9.855 Thread 0x00000238583e9840 flushing  nmethod 0x0000023841c9c410
Event: 9.855 Thread 0x00000238583e9840 flushing  nmethod 0x0000023841ca8710
Event: 9.855 Thread 0x00000238583e9840 flushing  nmethod 0x0000023841cacc10

Events (20 events):
Event: 3.905 Thread 0x000002389f999140 Thread added: 0x000002389f9997d0
Event: 3.909 Thread 0x000002389f999140 Thread added: 0x000002389f999e60
Event: 4.690 Thread 0x000002389f999140 Thread added: 0x000002389f998420
Event: 4.707 Thread 0x000002389f999140 Thread added: 0x000002389f997700
Event: 4.745 Thread 0x000002389f997700 Thread added: 0x000002389f99a4f0
Event: 4.795 Thread 0x000002389f999140 Thread added: 0x000002389f998ab0
Event: 5.010 Thread 0x0000023858424860 Thread added: 0x000002389febeca0
Event: 6.966 Thread 0x000002389f999140 Thread added: 0x000002389fa7bfe0
Event: 7.010 Thread 0x000002389f999140 Thread added: 0x000002389fa7e0b0
Event: 7.432 Thread 0x000002389f999140 Thread added: 0x000002389fa7d390
Event: 7.441 Thread 0x000002389f999140 Thread added: 0x000002389fa7f460
Event: 7.656 Thread 0x000002389febeca0 Thread exited: 0x000002389febeca0
Event: 7.673 Thread 0x000002389f999140 Thread added: 0x000002389fa7faf0
Event: 7.674 Thread 0x000002389f999140 Thread added: 0x000002389fa7edd0
Event: 7.674 Thread 0x000002389f999140 Thread added: 0x000002389fa7c670
Event: 8.004 Thread 0x0000023858424860 Thread added: 0x00000238a2ac5360
Event: 10.293 Thread 0x000002389f999140 Thread added: 0x000002389fa80180
Event: 11.903 Thread 0x000002389f999140 Thread added: 0x000002389fa7cd00
Event: 12.117 Thread 0x000002389f999140 Thread added: 0x000002389fa80810
Event: 12.233 Thread 0x000002389f999140 Thread added: 0x000002389fa80ea0


Dynamic libraries:
0x00007ff663a20000 - 0x00007ff663a2e000 	C:\Program Files\Microsoft\jdk-21.0.12.101-hotspot\bin\java.exe
0x00007ffaaca20000 - 0x00007ffaacc87000 	C:\windows\SYSTEM32\ntdll.dll
0x00007ffaaba10000 - 0x00007ffaabadb000 	C:\windows\System32\KERNEL32.DLL
0x00007ffaaa250000 - 0x00007ffaaa652000 	C:\windows\System32\KERNELBASE.dll
0x00007ffaa9bf0000 - 0x00007ffaa9d3c000 	C:\windows\System32\ucrtbase.dll
0x00007ffa9f810000 - 0x00007ffa9f828000 	C:\Program Files\Microsoft\jdk-21.0.12.101-hotspot\bin\jli.dll
0x00007ffaa9280000 - 0x00007ffaa929e000 	C:\Program Files\Microsoft\jdk-21.0.12.101-hotspot\bin\VCRUNTIME140.dll
0x00007ffaabd60000 - 0x00007ffaabf2f000 	C:\windows\System32\USER32.dll
0x00007ffaa9fa0000 - 0x00007ffaa9fc7000 	C:\windows\System32\win32u.dll
0x00007ffa84f90000 - 0x00007ffa85220000 	C:\windows\WinSxS\amd64_microsoft.windows.common-controls_6595b64144ccf1df_6.0.26100.9278_none_3e0d1ba8e3303201\COMCTL32.dll
0x00007ffaac160000 - 0x00007ffaac209000 	C:\windows\System32\msvcrt.dll
0x00007ffaaaee0000 - 0x00007ffaaaf0b000 	C:\windows\System32\GDI32.dll
0x00007ffaa9fd0000 - 0x00007ffaaa0f9000 	C:\windows\System32\gdi32full.dll
0x00007ffaaa660000 - 0x00007ffaaa703000 	C:\windows\System32\msvcp_win.dll
0x00007ffaab9d0000 - 0x00007ffaaba01000 	C:\windows\System32\IMM32.DLL
0x00007ffaa9270000 - 0x00007ffaa927c000 	C:\Program Files\Microsoft\jdk-21.0.12.101-hotspot\bin\vcruntime140_1.dll
0x00007ffa60810000 - 0x00007ffa60899000 	C:\Program Files\Microsoft\jdk-21.0.12.101-hotspot\bin\msvcp140.dll
0x00007ff9abe80000 - 0x00007ff9acc2f000 	C:\Program Files\Microsoft\jdk-21.0.12.101-hotspot\bin\server\jvm.dll
0x00007ffaac740000 - 0x00007ffaac7fc000 	C:\windows\System32\ADVAPI32.dll
0x00007ffaaacc0000 - 0x00007ffaaad69000 	C:\windows\System32\sechost.dll
0x00007ffaaad70000 - 0x00007ffaaae88000 	C:\windows\System32\RPCRT4.dll
0x00007ffaac910000 - 0x00007ffaac990000 	C:\windows\System32\WS2_32.dll
0x00007ffaa9a50000 - 0x00007ffaa9aae000 	C:\windows\SYSTEM32\POWRPROF.dll
0x00007ffaa5cd0000 - 0x00007ffaa5d06000 	C:\windows\SYSTEM32\WINMM.dll
0x00007ffa9f220000 - 0x00007ffa9f22b000 	C:\windows\SYSTEM32\VERSION.dll
0x00007ffaa9a30000 - 0x00007ffaa9a45000 	C:\windows\SYSTEM32\UMPDC.dll
0x00007ffaa8330000 - 0x00007ffaa834b000 	C:\windows\SYSTEM32\kernel.appcore.dll
0x00007ffaa9230000 - 0x00007ffaa923a000 	C:\Program Files\Microsoft\jdk-21.0.12.101-hotspot\bin\jimage.dll
0x00007ffaa6ce0000 - 0x00007ffaa6f2c000 	C:\windows\SYSTEM32\DBGHELP.DLL
0x00007ffaac3b0000 - 0x00007ffaac735000 	C:\windows\System32\combase.dll
0x00007ffaaabe0000 - 0x00007ffaaacb9000 	C:\windows\System32\OLEAUT32.dll
0x00007ffa839f0000 - 0x00007ffa83a2b000 	C:\windows\SYSTEM32\dbgcore.DLL
0x00007ffaa9d50000 - 0x00007ffaa9dfc000 	C:\windows\System32\bcryptPrimitives.dll
0x00007ffa9f7d0000 - 0x00007ffa9f7e0000 	C:\Program Files\Microsoft\jdk-21.0.12.101-hotspot\bin\instrument.dll
0x00007ffa9deb0000 - 0x00007ffa9ded1000 	C:\Program Files\Microsoft\jdk-21.0.12.101-hotspot\bin\java.dll
0x00007ffaaaf70000 - 0x00007ffaab708000 	C:\windows\System32\SHELL32.dll
0x00007ffaa7120000 - 0x00007ffaa79ce000 	C:\windows\SYSTEM32\windows.storage.dll
0x00007ffaab840000 - 0x00007ffaab93b000 	C:\windows\System32\SHCORE.dll
0x00007ffaab7d0000 - 0x00007ffaab836000 	C:\windows\System32\shlwapi.dll
0x00007ffaa9b10000 - 0x00007ffaa9b39000 	C:\windows\SYSTEM32\profapi.dll
0x00007ffa2a160000 - 0x00007ffa2a236000 	C:\Program Files\Microsoft\jdk-21.0.12.101-hotspot\bin\jsvml.dll
0x00007ffa9e100000 - 0x00007ffa9e118000 	C:\Program Files\Microsoft\jdk-21.0.12.101-hotspot\bin\zip.dll
0x00007ffa9de90000 - 0x00007ffa9dea1000 	C:\Program Files\Microsoft\jdk-21.0.12.101-hotspot\bin\net.dll
0x00007ffaa0070000 - 0x00007ffaa019a000 	C:\windows\SYSTEM32\WINHTTP.dll
0x00007ffaa8990000 - 0x00007ffaa89fc000 	C:\windows\system32\mswsock.dll
0x00007ffa9de20000 - 0x00007ffa9de36000 	C:\Program Files\Microsoft\jdk-21.0.12.101-hotspot\bin\nio.dll
0x00007ffa9f770000 - 0x00007ffa9f780000 	C:\Program Files\Microsoft\jdk-21.0.12.101-hotspot\bin\verify.dll
0x00007ffa8afa0000 - 0x00007ffa8afc7000 	C:\Users\HP\.gradle\native\1def1411415f61bf3af743bc5b6707747c0891f09f0c88961ee8f79bc544acac\windows-amd64\native-platform.dll
0x00007ffa2a0e0000 - 0x00007ffa2a158000 	C:\Users\HP\.gradle\native\0.2.7\x86_64-windows-gnu\gradle-fileevents.dll
0x00007ffa9e9a0000 - 0x00007ffa9e9aa000 	C:\Program Files\Microsoft\jdk-21.0.12.101-hotspot\bin\management.dll
0x00007ffa9e1d0000 - 0x00007ffa9e1dc000 	C:\Program Files\Microsoft\jdk-21.0.12.101-hotspot\bin\management_ext.dll
0x00007ffaac9a0000 - 0x00007ffaac9a8000 	C:\windows\System32\PSAPI.DLL
0x00007ffaa7da0000 - 0x00007ffaa7dd3000 	C:\windows\SYSTEM32\IPHLPAPI.DLL
0x00007ffaabb70000 - 0x00007ffaabb7a000 	C:\windows\System32\NSI.dll
0x00007ffa9e1b0000 - 0x00007ffa9e1b9000 	C:\Program Files\Microsoft\jdk-21.0.12.101-hotspot\bin\extnet.dll
0x00007ffaa8ca0000 - 0x00007ffaa8cbb000 	C:\windows\SYSTEM32\CRYPTSP.dll
0x00007ffaa8350000 - 0x00007ffaa8389000 	C:\windows\system32\rsaenh.dll
0x00007ffaa8a40000 - 0x00007ffaa8a74000 	C:\windows\SYSTEM32\USERENV.dll
0x00007ffaa9ae0000 - 0x00007ffaa9b0a000 	C:\windows\SYSTEM32\bcrypt.dll
0x00007ffaa8c80000 - 0x00007ffaa8c8c000 	C:\windows\SYSTEM32\CRYPTBASE.dll
0x00007ffa8cd50000 - 0x00007ffa8cd5e000 	C:\Program Files\Microsoft\jdk-21.0.12.101-hotspot\bin\sunmscapi.dll
0x00007ffaa9e10000 - 0x00007ffaa9f8e000 	C:\windows\System32\CRYPT32.dll
0x00007ffaa8f50000 - 0x00007ffaa8f80000 	C:\windows\SYSTEM32\ncrypt.dll
0x00007ffaa8e20000 - 0x00007ffaa8e5f000 	C:\windows\SYSTEM32\NTASN1.dll
0x00007ffa77790000 - 0x00007ffa77798000 	C:\windows\system32\wshunix.dll

JVMTI agents:
C:\Users\HP\.gradle\wrapper\dists\gradle-8.14-all\c2qonpi39x1mddn7hk5gh9iqj\gradle-8.14\lib\agents\gradle-instrumentation-agent-8.14.jar path:C:\Program Files\Microsoft\jdk-21.0.12.101-hotspot\bin\instrument.dll, loaded, initialized, instrumentlib options:none

dbghelp: loaded successfully - version: 4.0.5 - missing functions: none
symbol engine: initialized successfully - sym options: 0x614 - pdb path: .;C:\Program Files\Microsoft\jdk-21.0.12.101-hotspot\bin;C:\windows\SYSTEM32;C:\windows\WinSxS\amd64_microsoft.windows.common-controls_6595b64144ccf1df_6.0.26100.9278_none_3e0d1ba8e3303201;C:\Program Files\Microsoft\jdk-21.0.12.101-hotspot\bin\server;C:\Users\HP\.gradle\native\1def1411415f61bf3af743bc5b6707747c0891f09f0c88961ee8f79bc544acac\windows-amd64;C:\Users\HP\.gradle\native\0.2.7\x86_64-windows-gnu

VM Arguments:
jvm_args: --add-opens=java.base/java.lang=ALL-UNNAMED --add-opens=java.base/java.lang.invoke=ALL-UNNAMED --add-opens=java.base/java.util=ALL-UNNAMED --add-opens=java.prefs/java.util.prefs=ALL-UNNAMED --add-exports=jdk.compiler/com.sun.tools.javac.api=ALL-UNNAMED --add-exports=jdk.compiler/com.sun.tools.javac.util=ALL-UNNAMED --add-opens=java.base/java.util=ALL-UNNAMED --add-opens=java.prefs/java.util.prefs=ALL-UNNAMED --add-opens=java.base/java.nio.charset=ALL-UNNAMED --add-opens=java.base/java.net=ALL-UNNAMED --add-opens=java.base/java.util.concurrent.atomic=ALL-UNNAMED --add-opens=java.xml/javax.xml.namespace=ALL-UNNAMED -XX:MaxMetaspaceSize=2G -XX:+HeapDumpOnOutOfMemoryError -Xmx4G -Dfile.encoding=UTF-8 -Duser.country=US -Duser.language=en -Duser.variant -javaagent:C:\Users\HP\.gradle\wrapper\dists\gradle-8.14-all\c2qonpi39x1mddn7hk5gh9iqj\gradle-8.14\lib\agents\gradle-instrumentation-agent-8.14.jar 
java_command: org.gradle.launcher.daemon.bootstrap.GradleDaemon 8.14
java_class_path (initial): C:\Users\HP\.gradle\wrapper\dists\gradle-8.14-all\c2qonpi39x1mddn7hk5gh9iqj\gradle-8.14\lib\gradle-daemon-main-8.14.jar
Launcher Type: SUN_STANDARD

[Global flags]
     intx CICompilerCount                          = 4                                         {product} {ergonomic}
     uint ConcGCThreads                            = 3                                         {product} {ergonomic}
     uint G1ConcRefinementThreads                  = 10                                        {product} {ergonomic}
   size_t G1HeapRegionSize                         = 2097152                                   {product} {ergonomic}
    uintx GCDrainStackTargetSize                   = 64                                        {product} {ergonomic}
     bool HeapDumpOnOutOfMemoryError               = true                                   {manageable} {command line}
   size_t InitialHeapSize                          = 130023424                                 {product} {ergonomic}
   size_t MarkStackSize                            = 4194304                                   {product} {ergonomic}
   size_t MaxHeapSize                              = 4294967296                                {product} {command line}
   size_t MaxMetaspaceSize                         = 2147483648                                {product} {command line}
   size_t MaxNewSize                               = 2575302656                                {product} {ergonomic}
   size_t MinHeapDeltaBytes                        = 2097152                                   {product} {ergonomic}
   size_t MinHeapSize                              = 8388608                                   {product} {ergonomic}
    uintx NonNMethodCodeHeapSize                   = 5839372                                {pd product} {ergonomic}
    uintx NonProfiledCodeHeapSize                  = 122909434                              {pd product} {ergonomic}
    uintx ProfiledCodeHeapSize                     = 122909434                              {pd product} {ergonomic}
    uintx ReservedCodeCacheSize                    = 251658240                              {pd product} {ergonomic}
     bool SegmentedCodeCache                       = true                                      {product} {ergonomic}
   size_t SoftMaxHeapSize                          = 4294967296                             {manageable} {ergonomic}
     bool UseCompressedOops                        = true                           {product lp64_product} {ergonomic}
     bool UseG1GC                                  = true                                      {product} {ergonomic}
     bool UseLargePagesIndividualAllocation        = false                                  {pd product} {ergonomic}

Logging:
Log output configuration:
 #0: stdout all=warning uptime,level,tags foldmultilines=false
 #1: stderr all=off uptime,level,tags foldmultilines=false

Release file:
IMPLEMENTOR="Microsoft" 
IMPLEMENTOR_VERSION="Microsoft-14941484" 
JAVA_RUNTIME_VERSION="21.0.12.1+1-LTS" 
JAVA_VERSION="21.0.12.1" 
JAVA_VERSION_DATE="2026-08-18" 
LIBC="default" 
MODULES="java.base java.compiler java.datatransfer java.xml java.prefs java.desktop java.instrument java.logging java.management java.security.sasl java.naming java.rmi java.management.rmi java.net.http java.scripting java.security.jgss java.transaction.xa java.sql java.sql.rowset java.xml.crypto java.se java.smartcardio jdk.accessibility jdk.internal.jvmstat jdk.attach jdk.charsets jdk.internal.opt jdk.zipfs jdk.compiler jdk.crypto.ec jdk.crypto.cryptoki jdk.crypto.mscapi jdk.dynalink jdk.internal.ed jdk.editpad jdk.hotspot.agent jdk.httpserver jdk.incubator.vector jdk.internal.le jdk.internal.vm.ci jdk.internal.vm.compiler jdk.internal.vm.compiler.management jdk.jartool jdk.javadoc jdk.jcmd jdk.management jdk.management.agent jdk.jconsole jdk.jdeps jdk.jdwp.agent jdk.jdi jdk.jfr jdk.jlink jdk.jpackage jdk.jshell jdk.jsobject jdk.jstatd jdk.localedata jdk.management.jfr jdk.naming.dns jdk.naming.rmi jdk.net jdk.nio.mapmode jdk.random jdk.sctp jdk.security.auth jdk.security.jgss jdk.unsupported jdk.unsupported.desktop jdk.xml.dom" 
OS_ARCH="x86_64" 
OS_NAME="Windows" 
SOURCE=".:git:6f26c6b2b098" 

Environment Variables:
JAVA_HOME=C:\Program Files\Microsoft\jdk-21.0.12.101-hotspot\
PATH=C:\Program Files\Microsoft\jdk-21.0.12.101-hotspot\bin;C:\windows\system32;C:\windows;C:\windows\System32\Wbem;C:\windows\System32\WindowsPowerShell\v1.0\;C:\windows\System32\OpenSSH\;C:\Program Files\nodejs\;C:\Program Files\MongoDB\Server\8.2\bin;C:\Program Files\Git\cmd;C:\Program Files\dotnet\;C:\Users\HP\AppData\Local\Programs\Python\Python313\Scripts\;C:\Users\HP\AppData\Local\Programs\Python\Python313\;C:\Users\HP\AppData\Local\Microsoft\WindowsApps;C:\Users\HP\AppData\Local\Programs\Microsoft VS Code\bin;C:\Users\HP\AppData\Roaming\npm;C:\Program Files\mongosh\;C:\Users\HP\AppData\Local\GitHubDesktop\bin;C:\Users\HP\AppData\Local\Programs\Antigravity\bin;C:\Users\HP\AppData\Local\Programs\Antigravity IDE\bin;C:\src\flutter\bin;C:\Users\HP\.dotnet\tools;C:\Users\HP\AppData\Local\Programs\DockerDesktop\resources\bin
USERNAME=HP
OS=Windows_NT
PROCESSOR_IDENTIFIER=Intel64 Family 6 Model 186 Stepping 3, GenuineIntel
TMP=C:\Users\HP\AppData\Local\Temp
TEMP=C:\Users\HP\AppData\Local\Temp




Periodic native trim disabled

---------------  S Y S T E M  ---------------

OS:
 Windows 11 , 64 bit Build 26100 (10.0.26100.9444)
OS uptime: 4 days 19:33 hours
Hyper-V role detected

CPU: total 12 (initial active 12) (6 cores per cpu, 2 threads per core) family 6 model 186 stepping 3 microcode 0x6134, cx8, cmov, fxsr, ht, mmx, 3dnowpref, sse, sse2, sse3, ssse3, sse4.1, sse4.2, popcnt, lzcnt, tsc, tscinvbit, avx, avx2, aes, erms, clmul, bmi1, bmi2, adx, sha, fma, vzeroupper, clflush, clflushopt, clwb, hv, serialize, rdtscp, rdpid, fsrm, f16c, cet_ibt, cet_ss
Processor Information for the first 12 processors :
  Max Mhz: 1400, Current Mhz: 1400, Mhz Limit: 1400

Memory: 4k page, system-wide physical 7832M (388M free)
TotalPageFile size 31384M (AvailPageFile size 1M)
current process WorkingSet (physical memory assigned to process): 261M, peak: 261M
current process commit charge ("private bytes"): 311M, peak: 314M

vm_info: OpenJDK 64-Bit Server VM (21.0.12.1+1-LTS) for windows-amd64 JRE (21.0.12.1+1-LTS), built on 2026-08-11T20:50:01Z by "MicrosoftCorporation" with MS VC++ 17.14 (VS2022)

END.
