Flutter crash report.
Please report a bug at https://github.com/flutter/flutter/issues.

## command

flutter --quiet assemble --no-version-check --depfile E:\travel-build\mobile-app\build\app\intermediates\flutter\release/flutter_build.d --output E:\travel-build\mobile-app\build\app\intermediates\flutter\release -dTargetFile=lib\main.dart -dTargetPlatform=android -dBuildMode=release -dTrackWidgetCreation=true -dTreeShakeIcons=true --DartDefines=QVBJX0JBU0VfVVJMPWh0dHA6Ly8xOTIuMTY4LjguMTUxOjUwMDA=,RkxVVFRFUl9CVUlMRF9OQU1FPTEuMC4w,RkxVVFRFUl9CVUlMRF9OVU1CRVI9MQ==,RkxVVFRFUl9WRVJTSU9OPTMuNDcuNQ==,RkxVVFRFUl9DSEFOTkVMPXN0YWJsZQ==,RkxVVFRFUl9HSVRfVVJMPWh0dHBzOi8vZ2l0aHViLmNvbS9mbHV0dGVyL2ZsdXR0ZXIuZ2l0,RkxVVFRFUl9GUkFNRVdPUktfUkVWSVNJT049NmExOWNjYTU2NA==,RkxVVFRFUl9FTkdJTkVfUkVWSVNJT049YWY3ZTc5NmUxNg==,RkxVVFRFUl9EQVJUX1ZFUlNJT049My4xMy40 -dFlavor= -dAndroidArchs=android-arm android-arm64 android-x64 -dMinSdkVersion=24 android_aot_bundle_release_android-arm android_aot_bundle_release_android-arm64 android_aot_bundle_release_android-x64

## exception

StateError: Bad state: Could not determine run package name. Project path "E:\travel-build\mobile-app\android\" did not occur as package root in package config "E:\travel-build\mobile-app\.dart_tool\package_config.json". Please report a reproduction on https://github.com/flutter/flutter/issues/169475.

```
#0      createFlutterNativeAssetsBuildRunner (package:flutter_tools/src/build_system/targets/native_assets.dart:400:5)
<asynchronous suspension>
#1      BuildHooks.build (package:flutter_tools/src/build_system/targets/native_assets.dart:58:25)
<asynchronous suspension>
#2      _BuildInstance._invokeInternal (package:flutter_tools/src/build_system/build_system.dart:937:9)
<asynchronous suspension>
#3      Future.wait.<anonymous closure> (dart:async/future.dart:567:21)
<asynchronous suspension>
#4      _BuildInstance.invokeTarget (package:flutter_tools/src/build_system/build_system.dart:875:32)
<asynchronous suspension>
#5      Future.wait.<anonymous closure> (dart:async/future.dart:567:21)
<asynchronous suspension>
#6      _BuildInstance.invokeTarget (package:flutter_tools/src/build_system/build_system.dart:875:32)
<asynchronous suspension>
#7      Future.wait.<anonymous closure> (dart:async/future.dart:567:21)
<asynchronous suspension>
#8      _BuildInstance.invokeTarget (package:flutter_tools/src/build_system/build_system.dart:875:32)
<asynchronous suspension>
#9      Future.wait.<anonymous closure> (dart:async/future.dart:567:21)
<asynchronous suspension>
#10     _BuildInstance.invokeTarget (package:flutter_tools/src/build_system/build_system.dart:875:32)
<asynchronous suspension>
#11     Future.wait.<anonymous closure> (dart:async/future.dart:567:21)
<asynchronous suspension>
#12     _BuildInstance.invokeTarget (package:flutter_tools/src/build_system/build_system.dart:875:32)
<asynchronous suspension>
#13     FlutterBuildSystem.build (package:flutter_tools/src/build_system/build_system.dart:684:16)
<asynchronous suspension>
#14     AssembleCommand.runCommand (package:flutter_tools/src/commands/assemble.dart:369:32)
<asynchronous suspension>
#15     FlutterCommand.run.<anonymous closure> (package:flutter_tools/src/runner/flutter_command.dart:1663:27)
<asynchronous suspension>
#16     AppContext.run.<anonymous closure> (package:flutter_tools/src/base/context.dart:154:19)
<asynchronous suspension>
#17     CommandRunner.runCommand (package:args/command_runner.dart:212:13)
<asynchronous suspension>
#18     FlutterCommandRunner.runCommand.<anonymous closure> (package:flutter_tools/src/runner/flutter_command_runner.dart:496:9)
<asynchronous suspension>
#19     AppContext.run.<anonymous closure> (package:flutter_tools/src/base/context.dart:154:19)
<asynchronous suspension>
#20     FlutterCommandRunner.runCommand (package:flutter_tools/src/runner/flutter_command_runner.dart:431:5)
<asynchronous suspension>
#21     FlutterCommandRunner.run.<anonymous closure> (package:flutter_tools/src/runner/flutter_command_runner.dart:307:33)
<asynchronous suspension>
#22     run.<anonymous closure>.<anonymous closure> (package:flutter_tools/runner.dart:104:11)
<asynchronous suspension>
#23     AppContext.run.<anonymous closure> (package:flutter_tools/src/base/context.dart:154:19)
<asynchronous suspension>
#24     main (package:flutter_tools/executable.dart:103:3)
<asynchronous suspension>
```

## flutter doctor

```
[✓] Flutter (Channel stable, 3.47.5, on Microsoft Windows [Version 10.0.26200.9445], locale en-US) [485ms]
    • Flutter version 3.47.5 on channel stable at C:\Users\LOQ\Downloads\flutter_windows_3.47.5-stable\flutter
    • Upstream repository https://github.com/flutter/flutter.git
    • Framework revision 6a19cca564 (8 days ago), 2026-09-17 14:13:22 -0400
    • Engine revision af7e796e16
    • Dart version 3.13.4
    • DevTools version 2.60.0
    • Feature flags: enable-web, enable-linux-desktop, enable-macos-desktop, enable-windows-desktop, enable-android, enable-ios, cli-animations, enable-native-assets, enable-record-use, enable-swift-package-manager, omit-legacy-version-file, enable-lldb-debugging, enable-uiscene-migration

[✓] Windows Version (Windows 11 or higher, 25H2, 2009) [3.1s]

[✓] Android toolchain - develop for Android devices (Android SDK version 36.1.0) [5.2s]
    • Android SDK at C:\Users\LOQ\AppData\Local\Android\Sdk
    • Emulator version 36.5.10.0 (build_id 15081367) (CL:N/A)
    • Platform android-36.1, build-tools 36.1.0
    • ANDROID_HOME = C:\Users\LOQ\AppData\Local\Android\Sdk
    • ANDROID_SDK_ROOT = C:\Users\LOQ\AppData\Local\Android\Sdk
    • Java binary at: C:\Program Files\Microsoft\jdk-17.0.18.8-hotspot\bin\java
      This JDK is specified in your Flutter configuration.
      To change the current JDK, run: `flutter config --jdk-dir="path/to/jdk"`.
    • Java version OpenJDK Runtime Environment Microsoft-13106358 (build 17.0.18+8-LTS)
    • All Android licenses accepted.

[✓] Chrome - develop for the web [31ms]
    • Chrome at C:\Program Files\Google\Chrome\Application\chrome.exe

[☠] Visual Studio - develop Windows apps (the doctor check crashed)
    ✗ Due to an error, the doctor check did not complete. If the error message below is not helpful, please let us know about this issue at https://github.com/flutter/flutter/issues.
    ✗ Error: %PROGRAMFILES(X86)% environment variable not found.
    • #0      throwToolExit (package:flutter_tools/src/base/common.dart:34:3)
      #1      VisualStudio._vswherePath (package:flutter_tools/src/windows/visual_studio.dart:264:7)
      #2      VisualStudio._visualStudioDetails (package:flutter_tools/src/windows/visual_studio.dart:355:9)
      #3      VisualStudio._bestVisualStudioDetails.<anonymous closure> (package:flutter_tools/src/windows/visual_studio.dart:445:40)
      #4      VisualStudio._bestVisualStudioDetails (package:flutter_tools/src/windows/visual_studio.dart:462:4)
      #5      VisualStudio._bestVisualStudioDetails (package:flutter_tools/src/windows/visual_studio.dart)
      #6      VisualStudio.isInstalled (package:flutter_tools/src/windows/visual_studio.dart:46:27)
      #7      VisualStudioValidator.validateImpl (package:flutter_tools/src/windows/visual_studio_validator.dart:27:23)
      #8      DoctorValidator.validate (package:flutter_tools/src/doctor_validator.dart:58:43)
      #9      Doctor.startValidatorTasks.<anonymous closure> (package:flutter_tools/src/doctor.dart:204:72)
      #10     asyncGuard.<anonymous closure> (package:flutter_tools/src/base/async_guard.dart:108:32)
      #11     _rootRun (dart:async/zone_root.dart:35:13)
      #12     _CustomZone.run (dart:async/zone.dart:810:35)
      #13     _runZoned (dart:async/zone_api.dart:165:6)
      #14     runZonedGuarded (dart:async/zone_api.dart:151:12)
      #15     asyncGuard (package:flutter_tools/src/base/async_guard.dart:106:3)
      #16     Doctor.startValidatorTasks (package:flutter_tools/src/doctor.dart:194:9)
      #17     DoctorText._validatorTasks (package:flutter_tools/src/doctor.dart:834:60)
      #18     DoctorText._validatorTasks (package:flutter_tools/src/doctor.dart)
      #19     DoctorText._runDiagnosis (package:flutter_tools/src/doctor.dart:839:32)
      #20     DoctorText.text (package:flutter_tools/src/doctor.dart:830:36)
      #21     DoctorText.text (package:flutter_tools/src/doctor.dart)
      #22     _createLocalCrashReport (package:flutter_tools/runner.dart:329:51)
      #23     _handleToolErrorImpl (package:flutter_tools/runner.dart:290:31)
      <asynchronous suspension>
      #24     AppContext.run.<anonymous closure> (package:flutter_tools/src/base/context.dart:154:19)
      <asynchronous suspension>
      #25     main (package:flutter_tools/executable.dart:103:3)
      <asynchronous suspension>


[✓] Connected device (3 available) [411ms]
    • Windows (desktop) • windows • windows-x64    • Microsoft Windows [Version 10.0.26200.9445]
    • Chrome (web)      • chrome  • web-javascript • Google Chrome 153.0.8010.50
    • Edge (web)        • edge    • web-javascript • Microsoft Edge 153.0.4234.32 (unsupported)

[✓] Network resources [1,720ms]
    • All expected network resources are available.

! Doctor found issues in 1 category.
```
